Archive member included to satisfy reference by file (symbol)

C:/ST/STM32CubeIDE_1.13.2/STM32CubeIDE/plugins/com.st.stm32cube.ide.mcu.externaltools.gnu-tools-for-stm32.11.3.rel1.win32_1.1.1.202309131626/tools/bin/../lib/gcc/arm-none-eabi/11.3.1/../../../../arm-none-eabi/lib/thumb/v7e-m+dp/hard\libc_nano.a(libc_a-exit.o)
                              C:/ST/STM32CubeIDE_1.13.2/STM32CubeIDE/plugins/com.st.stm32cube.ide.mcu.externaltools.gnu-tools-for-stm32.11.3.rel1.win32_1.1.1.202309131626/tools/bin/../lib/gcc/arm-none-eabi/11.3.1/../../../../arm-none-eabi/lib/thumb/v7e-m+dp/hard/crt0.o (exit)
C:/ST/STM32CubeIDE_1.13.2/STM32CubeIDE/plugins/com.st.stm32cube.ide.mcu.externaltools.gnu-tools-for-stm32.11.3.rel1.win32_1.1.1.202309131626/tools/bin/../lib/gcc/arm-none-eabi/11.3.1/../../../../arm-none-eabi/lib/thumb/v7e-m+dp/hard\libc_nano.a(libc_a-findfp.o)
                              C:/ST/STM32CubeIDE_1.13.2/STM32CubeIDE/plugins/com.st.stm32cube.ide.mcu.externaltools.gnu-tools-for-stm32.11.3.rel1.win32_1.1.1.202309131626/tools/bin/../lib/gcc/arm-none-eabi/11.3.1/../../../../arm-none-eabi/lib/thumb/v7e-m+dp/hard\libc_nano.a(libc_a-exit.o) (__stdio_exit_handler)
C:/ST/STM32CubeIDE_1.13.2/STM32CubeIDE/plugins/com.st.stm32cube.ide.mcu.externaltools.gnu-tools-for-stm32.11.3.rel1.win32_1.1.1.202309131626/tools/bin/../lib/gcc/arm-none-eabi/11.3.1/../../../../arm-none-eabi/lib/thumb/v7e-m+dp/hard\libc_nano.a(libc_a-fwalk.o)
                              C:/ST/STM32CubeIDE_1.13.2/STM32CubeIDE/plugins/com.st.stm32cube.ide.mcu.externaltools.gnu-tools-for-stm32.11.3.rel1.win32_1.1.1.202309131626/tools/bin/../lib/gcc/arm-none-eabi/11.3.1/../../../../arm-none-eabi/lib/thumb/v7e-m+dp/hard\libc_nano.a(libc_a-findfp.o) (_fwalk_sglue)
C:/ST/STM32CubeIDE_1.13.2/STM32CubeIDE/plugins/com.st.stm32cube.ide.mcu.externaltools.gnu-tools-for-stm32.11.3.rel1.win32_1.1.1.202309131626/tools/bin/../lib/gcc/arm-none-eabi/11.3.1/../../../../arm-none-eabi/lib/thumb/v7e-m+dp/hard\libc_nano.a(libc_a-printf.o)
                              ./ROBOT/Src/Robotics_Calculations.o (printf)
C:/ST/STM32CubeIDE_1.13.2/STM32CubeIDE/plugins/com.st.stm32cube.ide.mcu.externaltools.gnu-tools-for-stm32.11.3.rel1.win32_1.1.1.202309131626/tools/bin/../lib/gcc/arm-none-eabi/11.3.1/../../../../arm-none-eabi/lib/thumb/v7e-m+dp/hard\libc_nano.a(libc_a-putchar.o)
                              ./ROBOT/Src/Robotics_Calculations.o (putchar)
C:/ST/STM32CubeIDE_1.13.2/STM32CubeIDE/plugins/com.st.stm32cube.ide.mcu.externaltools.gnu-tools-for-stm32.11.3.rel1.win32_1.1.1.202309131626/tools/bin/../lib/gcc/arm-none-eabi/11.3.1/../../../../arm-none-eabi/lib/thumb/v7e-m+dp/hard\libc_nano.a(libc_a-puts.o)
                              ./ROBOT/Src/Robotics_Calculations.o (puts)
C:/ST/STM32CubeIDE_1.13.2/STM32CubeIDE/plugins/com.st.stm32cube.ide.mcu.externaltools.gnu-tools-for-stm32.11.3.rel1.win32_1.1.1.202309131626/tools/bin/../lib/gcc/arm-none-eabi/11.3.1/../../../../arm-none-eabi/lib/thumb/v7e-m+dp/hard\libc_nano.a(libc_a-stdio.o)
                              C:/ST/STM32CubeIDE_1.13.2/STM32CubeIDE/plugins/com.st.stm32cube.ide.mcu.externaltools.gnu-tools-for-stm32.11.3.rel1.win32_1.1.1.202309131626/tools/bin/../lib/gcc/arm-none-eabi/11.3.1/../../../../arm-none-eabi/lib/thumb/v7e-m+dp/hard\libc_nano.a(libc_a-findfp.o) (__sread)
C:/ST/STM32CubeIDE_1.13.2/STM32CubeIDE/plugins/com.st.stm32cube.ide.mcu.externaltools.gnu-tools-for-stm32.11.3.rel1.win32_1.1.1.202309131626/tools/bin/../lib/gcc/arm-none-eabi/11.3.1/../../../../arm-none-eabi/lib/thumb/v7e-m+dp/hard\libc_nano.a(libc_a-wbuf.o)
                              C:/ST/STM32CubeIDE_1.13.2/STM32CubeIDE/plugins/com.st.stm32cube.ide.mcu.externaltools.gnu-tools-for-stm32.11.3.rel1.win32_1.1.1.202309131626/tools/bin/../lib/gcc/arm-none-eabi/11.3.1/../../../../arm-none-eabi/lib/thumb/v7e-m+dp/hard\libc_nano.a(libc_a-puts.o) (__swbuf_r)
C:/ST/STM32CubeIDE_1.13.2/STM32CubeIDE/plugins/com.st.stm32cube.ide.mcu.externaltools.gnu-tools-for-stm32.11.3.rel1.win32_1.1.1.202309131626/tools/bin/../lib/gcc/arm-none-eabi/11.3.1/../../../../arm-none-eabi/lib/thumb/v7e-m+dp/hard\libc_nano.a(libc_a-wsetup.o)
                              C:/ST/STM32CubeIDE_1.13.2/STM32CubeIDE/plugins/com.st.stm32cube.ide.mcu.externaltools.gnu-tools-for-stm32.11.3.rel1.win32_1.1.1.202309131626/tools/bin/../lib/gcc/arm-none-eabi/11.3.1/../../../../arm-none-eabi/lib/thumb/v7e-m+dp/hard\libc_nano.a(libc_a-puts.o) (__swsetup_r)
C:/ST/STM32CubeIDE_1.13.2/STM32CubeIDE/plugins/com.st.stm32cube.ide.mcu.externaltools.gnu-tools-for-stm32.11.3.rel1.win32_1.1.1.202309131626/tools/bin/../lib/gcc/arm-none-eabi/11.3.1/../../../../arm-none-eabi/lib/thumb/v7e-m+dp/hard\libc_nano.a(libc_a-memset.o)
                              C:/ST/STM32CubeIDE_1.13.2/STM32CubeIDE/plugins/com.st.stm32cube.ide.mcu.externaltools.gnu-tools-for-stm32.11.3.rel1.win32_1.1.1.202309131626/tools/bin/../lib/gcc/arm-none-eabi/11.3.1/../../../../arm-none-eabi/lib/thumb/v7e-m+dp/hard/crt0.o (memset)
[...]
Memory Configuration

Name             Origin             Length             Attributes
RAM_D1           0x0000000024000000 0x0000000000080000 xrw
FLASH            0x0000000008000000 0x0000000000100000 xr
DTCMRAM          0x0000000020000000 0x0000000000020000 xrw
RAM_D2           0x0000000030000000 0x0000000000048000 xrw
RAM_D3           0x0000000038000000 0x0000000000010000 xrw
ITCMRAM          0x0000000000000000 0x0000000000010000 xrw
*default*        0x0000000000000000 0xffffffffffffffff

Linker script and memory map

LOAD C:/ST/STM32CubeIDE_1.13.2/STM32CubeIDE/plugins/com.st.stm32cube.ide.mcu.externaltools.gnu-tools-for-stm32.11.3.rel1.win32_1.1.1.202309131626/tools/bin/../lib/gcc/arm-none-eabi/11.3.1/thumb/v7e-m+dp/hard/crti.o
LOAD C:/ST/STM32CubeIDE_1.13.2/STM32CubeIDE/plugins/com.st.stm32cube.ide.mcu.externaltools.gnu-tools-for-stm32.11.3.rel1.win32_1.1.1.202309131626/tools/bin/../lib/gcc/arm-none-eabi/11.3.1/thumb/v7e-m+dp/hard/crtbegin.o
LOAD C:/ST/STM32CubeIDE_1.13.2/STM32CubeIDE/plugins/com.st.stm32cube.ide.mcu.externaltools.gnu-tools-for-stm32.11.3.rel1.win32_1.1.1.202309131626/tools/bin/../lib/gcc/arm-none-eabi/11.3.1/../../../../arm-none-eabi/lib/thumb/v7e-m+dp/hard/crt0.o
LOAD ./Common/Src/system_stm32h7xx_dualcore_boot_cm4_cm7.o
LOAD ./Core/Src/main.o
LOAD ./Core/Src/stm32h7xx_hal_msp.o
LOAD ./Core/Src/stm32h7xx_it.o
LOAD ./Core/Src/syscalls.o
LOAD ./Core/Src/sysmem.o
LOAD ./Core/Startup/startup_stm32h755zitx.o
LOAD ./Drivers/STM32H7xx_HAL_Driver/stm32h7xx_hal.o
LOAD ./Drivers/STM32H7xx_HAL_Driver/stm32h7xx_hal_adc.o
LOAD ./Drivers/STM32H7xx_HAL_Driver/stm32h7xx_hal_adc_ex.o
LOAD ./Drivers/STM32H7xx_HAL_Driver/stm32h7xx_hal_cortex.o
LOAD ./Drivers/STM32H7xx_HAL_Driver/stm32h7xx_hal_dma.o
LOAD ./Drivers/STM32H7xx_HAL_Driver/stm32h7xx_hal_dma_ex.o
LOAD ./Drivers/STM32H7xx_HAL_Driver/stm32h7xx_hal_eth.o
LOAD ./Drivers/STM32H7xx_HAL_Driver/stm32h7xx_hal_eth_ex.o
LOAD ./Drivers/STM32H7xx_HAL_Driver/stm32h7xx_hal_exti.o
LOAD ./Drivers/STM32H7xx_HAL_Driver/stm32h7xx_hal_flash.o
LOAD ./Drivers/STM32H7xx_HAL_Driver/stm32h7xx_hal_flash_ex.o
LOAD ./Drivers/STM32H7xx_HAL_Driver/stm32h7xx_hal_gpio.o
LOAD ./Drivers/STM32H7xx_HAL_Driver/stm32h7xx_hal_hsem.o
LOAD ./Drivers/STM32H7xx_HAL_Driver/stm32h7xx_hal_i2c.o
LOAD ./Drivers/STM32H7xx_HAL_Driver/stm32h7xx_hal_i2c_ex.o
LOAD ./Drivers/STM32H7xx_HAL_Driver/stm32h7xx_hal_mdma.o
LOAD ./Drivers/STM32H7xx_HAL_Driver/stm32h7xx_hal_pcd.o
LOAD ./Drivers/STM32H7xx_HAL_Driver/stm32h7xx_hal_pcd_ex.o
LOAD ./Drivers/STM32H7xx_HAL_Driver/stm32h7xx_hal_pwr.o
LOAD ./Drivers/STM32H7xx_HAL_Driver/stm32h7xx_hal_pwr_ex.o
LOAD ./Drivers/STM32H7xx_HAL_Driver/stm32h7xx_hal_rcc.o
LOAD ./Drivers/STM32H7xx_HAL_Driver/stm32h7xx_hal_rcc_ex.o
LOAD ./Drivers/STM32H7xx_HAL_Driver/stm32h7xx_hal_tim.o
LOAD ./Drivers/STM32H7xx_HAL_Driver/stm32h7xx_hal_tim_ex.o
LOAD ./Drivers/STM32H7xx_HAL_Driver/stm32h7xx_hal_uart.o
LOAD ./Drivers/STM32H7xx_HAL_Driver/stm32h7xx_hal_uart_ex.o
LOAD ./Drivers/STM32H7xx_HAL_Driver/stm32h7xx_ll_usb.o
LOAD ./ROBOT/Src/Robotics_Calculations.o
START GROUP
LOAD C:/ST/STM32CubeIDE_1.13.2/STM32CubeIDE/plugins/com.st.stm32cube.ide.mcu.externaltools.gnu-tools-for-stm32.11.3.rel1.win32_1.1.1.202309131626/tools/bin/../lib/gcc/arm-none-eabi/11.3.1/../../../../arm-none-eabi/lib/thumb/v7e-m+dp/hard\libc_nano.a
LOAD C:/ST/STM32CubeIDE_1.13.2/STM32CubeIDE/plugins/com.st.stm32cube.ide.mcu.externaltools.gnu-tools-for-stm32.11.3.rel1.win32_1.1.1.202309131626/tools/bin/../lib/gcc/arm-none-eabi/11.3.1/../../../../arm-none-eabi/lib/thumb/v7e-m+dp/hard\libm.a
END GROUP
START GROUP
LOAD C:/ST/STM32CubeIDE_1.13.2/STM32CubeIDE/plugins/com.st.stm32cube.ide.mcu.externaltools.gnu-tools-for-stm32.11.3.rel1.win32_1.1.1.202309131626/tools/bin/../lib/gcc/arm-none-eabi/11.3.1/thumb/v7e-m+dp/hard\libgcc.a
LOAD C:/ST/STM32CubeIDE_1.13.2/STM32CubeIDE/plugins/com.st.stm32cube.ide.mcu.externaltools.gnu-tools-for-stm32.11.3.rel1.win32_1.1.1.202309131626/tools/bin/../lib/gcc/arm-none-eabi/11.3.1/../../../../arm-none-eabi/lib/thumb/v7e-m+dp/hard\libc_nano.a
END GROUP
START GROUP
LOAD C:/ST/STM32CubeIDE_1.13.2/STM32CubeIDE/plugins/com.st.stm32cube.ide.mcu.externaltools.gnu-tools-for-stm32.11.3.rel1.win32_1.1.1.202309131626/tools/bin/../lib/gcc/arm-none-eabi/11.3.1/thumb/v7e-m+dp/hard\libgcc.a
LOAD C:/ST/STM32CubeIDE_1.13.2/STM32CubeIDE/plugins/com.st.stm32cube.ide.mcu.externaltools.gnu-tools-for-stm32.11.3.rel1.win32_1.1.1.202309131626/tools/bin/../lib/gcc/arm-none-eabi/11.3.1/../../../../arm-none-eabi/lib/thumb/v7e-m+dp/hard\libc_nano.a
LOAD C:/ST/STM32CubeIDE_1.13.2/STM32CubeIDE/plugins/com.st.stm32cube.ide.mcu.externaltools.gnu-tools-for-stm32.11.3.rel1.win32_1.1.1.202309131626/tools/bin/../lib/gcc/arm-none-eabi/11.3.1/../../../../arm-none-eabi/lib/thumb/v7e-m+dp/hard\libnosys.a
END GROUP
START GROUP
LOAD C:/ST/STM32CubeIDE_1.13.2/STM32CubeIDE/plugins/com.st.stm32cube.ide.mcu.externaltools.gnu-tools-for-stm32.11.3.rel1.win32_1.1.1.202309131626/tools/bin/../lib/gcc/arm-none-eabi/11.3.1/thumb/v7e-m+dp/hard\libgcc.a
LOAD C:/ST/STM32CubeIDE_1.13.2/STM32CubeIDE/plugins/com.st.stm32cube.ide.mcu.externaltools.gnu-tools-for-stm32.11.3.rel1.win32_1.1.1.202309131626/tools/bin/../lib/gcc/arm-none-eabi/11.3.1/../../../../arm-none-eabi/lib/thumb/v7e-m+dp/hard\libc_nano.a
LOAD C:/ST/STM32CubeIDE_1.13.2/STM32CubeIDE/plugins/com.st.stm32cube.ide.mcu.externaltools.gnu-tools-for-stm32.11.3.rel1.win32_1.1.1.202309131626/tools/bin/../lib/gcc/arm-none-eabi/11.3.1/../../../../arm-none-eabi/lib/thumb/v7e-m+dp/hard\libnosys.a
END GROUP
LOAD C:/ST/STM32CubeIDE_1.13.2/STM32CubeIDE/plugins/com.st.stm32cube.ide.mcu.externaltools.gnu-tools-for-stm32.11.3.rel1.win32_1.1.1.202309131626/tools/bin/../lib/gcc/arm-none-eabi/11.3.1/thumb/v7e-m+dp/hard/crtend.o
LOAD C:/ST/STM32CubeIDE_1.13.2/STM32CubeIDE/plugins/com.st.stm32cube.ide.mcu.externaltools.gnu-tools-for-stm32.11.3.rel1.win32_1.1.1.202309131626/tools/bin/../lib/gcc/arm-none-eabi/11.3.1/thumb/v7e-m+dp/hard/crtn.o
                0x0000000024080000                _estack = (ORIGIN (RAM_D1) + LENGTH (RAM_D1))
                0x0000000000000200                _Min_Heap_Size = 0x200
                0x0000000000000400                _Min_Stack_Size = 0x400

.isr_vector     0x0000000008000000      0x298
                0x0000000008000000                . = ALIGN (0x4)
 *(.isr_vector)
 .isr_vector    0x0000000008000000      0x298 ./Core/Startup/startup_stm32h755zitx.o
                0x0000000008000000                g_pfnVectors
                0x0000000008000298                . = ALIGN (0x4)

.text           0x0000000008000298     0xf0f4
                0x0000000008000298                . = ALIGN (0x4)
 *(.text)
 .text          0x0000000008000298       0x40 C:/ST/STM32CubeIDE_1.13.2/STM32CubeIDE/plugins/com.st.stm32cube.ide.mcu.externaltools.gnu-tools-for-stm32.11.3.rel1.win32_1.1.1.202309131626/tools/bin/../lib/gcc/arm-none-eabi/11.3.1/thumb/v7e-m+dp/hard/crtbegin.o
 .text          0x00000000080002d8       0x30 C:/ST/STM32CubeIDE_1.13.2/STM32CubeIDE/plugins/com.st.stm32cube.ide.mcu.externaltools.gnu-tools-for-stm32.11.3.rel1.win32_1.1.1.202309131626/tools/bin/../lib/gcc/arm-none-eabi/11.3.1/thumb/v7e-m+dp/hard\libgcc.a(_aeabi_uldivmod.o)
                0x00000000080002d8                __aeabi_uldivmod
 .text          0x0000000008000308      0x2c8 C:/ST/STM32CubeIDE_1.13.2/STM32CubeIDE/plugins/com.st.stm32cube.ide.mcu.externaltools.gnu-tools-for-stm32.11.3.rel1.win32_1.1.1.202309131626/tools/bin/../lib/gcc/arm-none-eabi/11.3.1/thumb/v7e-m+dp/hard\libgcc.a(_udivmoddi4.o)
                0x0000000008000308                __udivmoddi4
 .text          0x00000000080005d0        0x4 C:/ST/STM32CubeIDE_1.13.2/STM32CubeIDE/plugins/com.st.stm32cube.ide.mcu.externaltools.gnu-tools-for-stm32.11.3.rel1.win32_1.1.1.202309131626/tools/bin/../lib/gcc/arm-none-eabi/11.3.1/thumb/v7e-m+dp/hard\libgcc.a(_dvmd_tls.o)
                0x00000000080005d0                __aeabi_idiv0
                0x00000000080005d0                __aeabi_ldiv0
 *(.text*)
 .text.SystemInit
                0x00000000080005d4      0x12c ./Common/Src/system_stm32h7xx_dualcore_boot_cm4_cm7.o
                0x00000000080005d4                SystemInit
 .text.HAL_ADC_ConvCpltCallback
                0x0000000008000700       0xb0 ./Core/Src/main.o
                0x0000000008000700                HAL_ADC_ConvCpltCallback
 .text.ADC_To_Angle
                0x00000000080007b0       0xa8 ./Core/Src/main.o
                0x00000000080007b0                ADC_To_Angle
 .text.Servo_SetAngle
                0x0000000008000858       0xfc ./Core/Src/main.o
                0x0000000008000858                Servo_SetAngle
 .text.AverageSamplesByTimer
                0x0000000008000954       0xe8 ./Core/Src/main.o
                0x0000000008000954                AverageSamplesByTimer
 .text.PLC_check
                0x0000000008000a3c       0xd8 ./Core/Src/main.o
                0x0000000008000a3c                PLC_check
 .text.ROBOT_ALARM
                0x0000000008000b14       0xb0 ./Core/Src/main.o
                0x0000000008000b14                ROBOT_ALARM
 .text.HAL_TIM_PeriodElapsedCallback
                0x0000000008000bc4       0x68 ./Core/Src/main.o
                0x0000000008000bc4                HAL_TIM_PeriodElapsedCallback
 .text.Robot_SetPosition
                0x0000000008000c2c      0x114 ./Core/Src/main.o
                0x0000000008000c2c                Robot_SetPosition
 .text.Robot_MoveToPosition
                0x0000000008000d40       0xa4 ./Core/Src/main.o
                0x0000000008000d40                Robot_MoveToPosition
 .text.main     0x0000000008000de4      0x57c ./Core/Src/main.o
                0x0000000008000de4                main
 .text.SystemClock_Config
                0x0000000008001360      0x100 ./Core/Src/main.o
                0x0000000008001360                SystemClock_Config
 .text.PeriphCommonClock_Config
                0x0000000008001460       0x3c ./Core/Src/main.o
                0x0000000008001460                PeriphCommonClock_Config
 .text.MX_ADC3_Init
                0x000000000800149c      0x18c ./Core/Src/main.o
 .text.MX_ETH_Init
                0x0000000008001628       0x98 ./Core/Src/main.o
 .text.MX_TIM2_Init
                0x00000000080016c0      0x130 ./Core/Src/main.o
 .text.MX_TIM3_Init
                0x00000000080017f0      0x11c ./Core/Src/main.o
 .text.MX_TIM4_Init
                0x000000000800190c      0x130 ./Core/Src/main.o
 .text.MX_TIM5_Init
                0x0000000008001a3c       0xf0 ./Core/Src/main.o
 .text.MX_TIM6_Init
                0x0000000008001b2c       0x6c ./Core/Src/main.o
 .text.MX_TIM7_Init
                0x0000000008001b98       0x6c ./Core/Src/main.o
 .text.MX_TIM8_Init
                0x0000000008001c04       0xa8 ./Core/Src/main.o
 .text.MX_USART3_UART_Init
                0x0000000008001cac       0x98 ./Core/Src/main.o
 .text.MX_USB_OTG_FS_PCD_Init
                0x0000000008001d44       0x64 ./Core/Src/main.o
 .text.MX_DMA_Init
                0x0000000008001da8       0x40 ./Core/Src/main.o
 .text.MX_GPIO_Init
                0x0000000008001de8      0x1ac ./Core/Src/main.o
 .text.Error_Handler
                0x0000000008001f94        0xa ./Core/Src/main.o
                0x0000000008001f94                Error_Handler
 *fill*         0x0000000008001f9e        0x2 
 .text.HAL_MspInit
                0x0000000008001fa0       0x34 ./Core/Src/stm32h7xx_hal_msp.o
                0x0000000008001fa0                HAL_MspInit
 .text.HAL_ADC_MspInit
                0x0000000008001fd4      0x178 ./Core/Src/stm32h7xx_hal_msp.o
                0x0000000008001fd4                HAL_ADC_MspInit
 .text.HAL_ETH_MspInit
                0x000000000800214c      0x19c ./Core/Src/stm32h7xx_hal_msp.o
                0x000000000800214c                HAL_ETH_MspInit
 .text.HAL_TIM_Base_MspInit
                0x00000000080022e8      0x1a0 ./Core/Src/stm32h7xx_hal_msp.o
                0x00000000080022e8                HAL_TIM_Base_MspInit
 .text.HAL_TIM_MspPostInit
                0x0000000008002488      0x224 ./Core/Src/stm32h7xx_hal_msp.o
                0x0000000008002488                HAL_TIM_MspPostInit
 .text.HAL_UART_MspInit
                0x00000000080026ac       0xe4 ./Core/Src/stm32h7xx_hal_msp.o
                0x00000000080026ac                HAL_UART_MspInit
 .text.HAL_PCD_MspInit
                0x0000000008002790       0xf8 ./Core/Src/stm32h7xx_hal_msp.o
                0x0000000008002790                HAL_PCD_MspInit
 .text.NMI_Handler
                0x0000000008002888        0x6 ./Core/Src/stm32h7xx_it.o
                0x0000000008002888                NMI_Handler
 .text.HardFault_Handler
                0x000000000800288e        0x6 ./Core/Src/stm32h7xx_it.o
                0x000000000800288e                HardFault_Handler
 .text.MemManage_Handler
                0x0000000008002894        0x6 ./Core/Src/stm32h7xx_it.o
                0x0000000008002894                MemManage_Handler
 .text.BusFault_Handler
                0x000000000800289a        0x6 ./Core/Src/stm32h7xx_it.o
                0x000000000800289a                BusFault_Handler
 .text.UsageFault_Handler
                0x00000000080028a0        0x6 ./Core/Src/stm32h7xx_it.o
                0x00000000080028a0                UsageFault_Handler
 .text.SVC_Handler
                0x00000000080028a6        0xe ./Core/Src/stm32h7xx_it.o
                0x00000000080028a6                SVC_Handler
 .text.DebugMon_Handler
                0x00000000080028b4        0xe ./Core/Src/stm32h7xx_it.o
                0x00000000080028b4                DebugMon_Handler
 .text.PendSV_Handler
                0x00000000080028c2        0xe ./Core/Src/stm32h7xx_it.o
                0x00000000080028c2                PendSV_Handler
 .text.SysTick_Handler
                0x00000000080028d0        0xc ./Core/Src/stm32h7xx_it.o
                0x00000000080028d0                SysTick_Handler
 .text.DMA1_Stream0_IRQHandler
                0x00000000080028dc       0x14 ./Core/Src/stm32h7xx_it.o
                0x00000000080028dc                DMA1_Stream0_IRQHandler
 .text.TIM2_IRQHandler
                0x00000000080028f0       0x14 ./Core/Src/stm32h7xx_it.o
                0x00000000080028f0                TIM2_IRQHandler
 .text.TIM3_IRQHandler
                0x0000000008002904       0x14 ./Core/Src/stm32h7xx_it.o
                0x0000000008002904                TIM3_IRQHandler
 .text.TIM4_IRQHandler
                0x0000000008002918       0x14 ./Core/Src/stm32h7xx_it.o
                0x0000000008002918                TIM4_IRQHandler
 .text.USART3_IRQHandler
                0x000000000800292c       0x14 ./Core/Src/stm32h7xx_it.o
                0x000000000800292c                USART3_IRQHandler
 .text.TIM6_DAC_IRQHandler
                0x0000000008002940       0x14 ./Core/Src/stm32h7xx_it.o
                0x0000000008002940                TIM6_DAC_IRQHandler
 .text.TIM7_IRQHandler
                0x0000000008002954       0x14 ./Core/Src/stm32h7xx_it.o
                0x0000000008002954                TIM7_IRQHandler
 .text.ADC3_IRQHandler
                0x0000000008002968       0x14 ./Core/Src/stm32h7xx_it.o
                0x0000000008002968                ADC3_IRQHandler
 .text.Reset_Handler
                0x000000000800297c       0x50 ./Core/Startup/startup_stm32h755zitx.o
                0x000000000800297c                Reset_Handler
 .text.Default_Handler
                0x00000000080029cc        0x2 ./Core/Startup/startup_stm32h755zitx.o
                0x00000000080029cc                RTC_Alarm_IRQHandler
                0x00000000080029cc                HASH_RNG_IRQHandler
                0x00000000080029cc                EXTI2_IRQHandler
                0x00000000080029cc                TIM8_CC_IRQHandler
                0x00000000080029cc                HRTIM1_Master_IRQHandler
                0x00000000080029cc                UART8_IRQHandler
                0x00000000080029cc                SPI4_IRQHandler
                0x00000000080029cc                TIM1_CC_IRQHandler
                0x00000000080029cc                BDMA_Channel6_IRQHandler
                0x00000000080029cc                DMA2_Stream5_IRQHandler
                0x00000000080029cc                HRTIM1_FLT_IRQHandler
                0x00000000080029cc                JPEG_IRQHandler
                0x00000000080029cc                DMA1_Stream5_IRQHandler
                0x00000000080029cc                BDMA_Channel1_IRQHandler
                0x00000000080029cc                HRTIM1_TIMD_IRQHandler
                0x00000000080029cc                TAMP_STAMP_IRQHandler
                0x00000000080029cc                EXTI3_IRQHandler
                0x00000000080029cc                LPTIM4_IRQHandler
                0x00000000080029cc                TIM8_TRG_COM_TIM14_IRQHandler
                0x00000000080029cc                LPTIM2_IRQHandler
                0x00000000080029cc                DFSDM1_FLT1_IRQHandler
                0x00000000080029cc                DMAMUX2_OVR_IRQHandler
                0x00000000080029cc                TIM8_UP_TIM13_IRQHandler
                0x00000000080029cc                I2C3_ER_IRQHandler
                0x00000000080029cc                DFSDM1_FLT2_IRQHandler
                0x00000000080029cc                MDMA_IRQHandler
                0x00000000080029cc                LPTIM3_IRQHandler
                0x00000000080029cc                HSEM1_IRQHandler
                0x00000000080029cc                EXTI0_IRQHandler
                0x00000000080029cc                I2C2_EV_IRQHandler
                0x00000000080029cc                DMA1_Stream2_IRQHandler
                0x00000000080029cc                FPU_IRQHandler
                0x00000000080029cc                OTG_HS_WKUP_IRQHandler
                0x00000000080029cc                FDCAN1_IT1_IRQHandler
                0x00000000080029cc                LTDC_ER_IRQHandler
                0x00000000080029cc                DMA2_Stream2_IRQHandler
                0x00000000080029cc                HRTIM1_TIME_IRQHandler
                0x00000000080029cc                SPI1_IRQHandler
                0x00000000080029cc                DCMI_IRQHandler
                0x00000000080029cc                HRTIM1_TIMC_IRQHandler
                0x00000000080029cc                DMA2_Stream3_IRQHandler
                0x00000000080029cc                SAI2_IRQHandler
                0x00000000080029cc                DFSDM1_FLT3_IRQHandler
                0x00000000080029cc                USART6_IRQHandler
                0x00000000080029cc                TIM17_IRQHandler
                0x00000000080029cc                BDMA_Channel7_IRQHandler
                0x00000000080029cc                CRYP_IRQHandler
                0x00000000080029cc                LPTIM5_IRQHandler
                0x00000000080029cc                UART5_IRQHandler
                0x00000000080029cc                DMA2_Stream0_IRQHandler
                0x00000000080029cc                BDMA_Channel2_IRQHandler
                0x00000000080029cc                QUADSPI_IRQHandler
                0x00000000080029cc                I2C1_EV_IRQHandler
                0x00000000080029cc                DMA1_Stream6_IRQHandler
                0x00000000080029cc                DMAMUX1_OVR_IRQHandler
                0x00000000080029cc                DMA1_Stream1_IRQHandler
                0x00000000080029cc                TIM16_IRQHandler
                0x00000000080029cc                UART4_IRQHandler
                0x00000000080029cc                BDMA_Channel5_IRQHandler
                0x00000000080029cc                RCC_IRQHandler
                0x00000000080029cc                TIM8_BRK_TIM12_IRQHandler
                0x00000000080029cc                TIM1_TRG_COM_IRQHandler
                0x00000000080029cc                Default_Handler
                0x00000000080029cc                ECC_IRQHandler
                0x00000000080029cc                CEC_IRQHandler
                0x00000000080029cc                EXTI15_10_IRQHandler
                0x00000000080029cc                BDMA_Channel0_IRQHandler
                0x00000000080029cc                ADC_IRQHandler
                0x00000000080029cc                DMA1_Stream7_IRQHandler
                0x00000000080029cc                HRTIM1_TIMA_IRQHandler
                0x00000000080029cc                SPI5_IRQHandler
                0x00000000080029cc                SDMMC1_IRQHandler
                0x00000000080029cc                TIM5_IRQHandler
                0x00000000080029cc                DMA2_Stream7_IRQHandler
                0x00000000080029cc                TIM15_IRQHandler
                0x00000000080029cc                PVD_AVD_IRQHandler
                0x00000000080029cc                I2C3_EV_IRQHandler
                0x00000000080029cc                EXTI9_5_IRQHandler
                0x00000000080029cc                RTC_WKUP_IRQHandler
                0x00000000080029cc                LTDC_IRQHandler
                0x00000000080029cc                SAI3_IRQHandler
                0x00000000080029cc                ETH_WKUP_IRQHandler
                0x00000000080029cc                SPDIF_RX_IRQHandler
                0x00000000080029cc                SPI2_IRQHandler
                0x00000000080029cc                OTG_HS_EP1_IN_IRQHandler
                0x00000000080029cc                CRS_IRQHandler
                0x00000000080029cc                CM7_SEV_IRQHandler
                0x00000000080029cc                EXTI4_IRQHandler
                0x00000000080029cc                CM4_SEV_IRQHandler
                0x00000000080029cc                HRTIM1_TIMB_IRQHandler
                0x00000000080029cc                FDCAN2_IT1_IRQHandler
                0x00000000080029cc                ETH_IRQHandler
                0x00000000080029cc                TIM1_UP_IRQHandler
                0x00000000080029cc                WWDG_RST_IRQHandler
                0x00000000080029cc                BDMA_Channel4_IRQHandler
                0x00000000080029cc                OTG_HS_EP1_OUT_IRQHandler
                0x00000000080029cc                WWDG_IRQHandler
                0x00000000080029cc                SPI6_IRQHandler
                0x00000000080029cc                MDIOS_IRQHandler
                0x00000000080029cc                I2C4_EV_IRQHandler
                0x00000000080029cc                FDCAN2_IT0_IRQHandler
                0x00000000080029cc                LPUART1_IRQHandler
                0x00000000080029cc                FDCAN1_IT0_IRQHandler
                0x00000000080029cc                OTG_FS_WKUP_IRQHandler
                0x00000000080029cc                OTG_HS_IRQHandler
                0x00000000080029cc                HSEM2_IRQHandler
                0x00000000080029cc                DMA2D_IRQHandler
                0x00000000080029cc                TIM1_BRK_IRQHandler
                0x00000000080029cc                EXTI1_IRQHandler
                0x00000000080029cc                SDMMC2_IRQHandler
                0x00000000080029cc                OTG_FS_EP1_OUT_IRQHandler
                0x00000000080029cc                BDMA_Channel3_IRQHandler
                0x00000000080029cc                HOLD_CORE_IRQHandler
                0x00000000080029cc                UART7_IRQHandler
                0x00000000080029cc                MDIOS_WKUP_IRQHandler
                0x00000000080029cc                USART2_IRQHandler
                0x00000000080029cc                DFSDM1_FLT0_IRQHandler
                0x00000000080029cc                SAI4_IRQHandler
                0x00000000080029cc                I2C2_ER_IRQHandler
                0x00000000080029cc                DMA2_Stream1_IRQHandler
                0x00000000080029cc                FLASH_IRQHandler
                0x00000000080029cc                DMA2_Stream4_IRQHandler
                0x00000000080029cc                USART1_IRQHandler
                0x00000000080029cc                OTG_FS_IRQHandler
                0x00000000080029cc                SPI3_IRQHandler
                0x00000000080029cc                WAKEUP_PIN_IRQHandler
                0x00000000080029cc                DMA1_Stream4_IRQHandler
                0x00000000080029cc                OTG_FS_EP1_IN_IRQHandler
                0x00000000080029cc                I2C1_ER_IRQHandler
                0x00000000080029cc                FMC_IRQHandler
                0x00000000080029cc                FDCAN_CAL_IRQHandler
                0x00000000080029cc                SWPMI1_IRQHandler
                0x00000000080029cc                COMP1_IRQHandler
                0x00000000080029cc                LPTIM1_IRQHandler
                0x00000000080029cc                I2C4_ER_IRQHandler
                0x00000000080029cc                DMA2_Stream6_IRQHandler
                0x00000000080029cc                SAI1_IRQHandler
                0x00000000080029cc                DMA1_Stream3_IRQHandler
 *fill*         0x00000000080029ce        0x2 
 .text.HAL_Init
                0x00000000080029d0       0x78 ./Drivers/STM32H7xx_HAL_Driver/stm32h7xx_hal.o
                0x00000000080029d0                HAL_Init
 .text.HAL_InitTick
                0x0000000008002a48       0x6c ./Drivers/STM32H7xx_HAL_Driver/stm32h7xx_hal.o
                0x0000000008002a48                HAL_InitTick
 .text.HAL_IncTick
                0x0000000008002ab4       0x28 ./Drivers/STM32H7xx_HAL_Driver/stm32h7xx_hal.o
                0x0000000008002ab4                HAL_IncTick
 .text.HAL_GetTick
                0x0000000008002adc       0x18 ./Drivers/STM32H7xx_HAL_Driver/stm32h7xx_hal.o
                0x0000000008002adc                HAL_GetTick
 .text.HAL_Delay
                0x0000000008002af4       0x48 ./Drivers/STM32H7xx_HAL_Driver/stm32h7xx_hal.o
                0x0000000008002af4                HAL_Delay
 .text.HAL_GetREVID
                0x0000000008002b3c       0x18 ./Drivers/STM32H7xx_HAL_Driver/stm32h7xx_hal.o
                0x0000000008002b3c                HAL_GetREVID
 .text.HAL_SYSCFG_ETHInterfaceSelect
                0x0000000008002b54       0x28 ./Drivers/STM32H7xx_HAL_Driver/stm32h7xx_hal.o
                0x0000000008002b54                HAL_SYSCFG_ETHInterfaceSelect
 .text.HAL_SYSCFG_AnalogSwitchConfig
                0x0000000008002b7c       0x2c ./Drivers/STM32H7xx_HAL_Driver/stm32h7xx_hal.o
                0x0000000008002b7c                HAL_SYSCFG_AnalogSwitchConfig
 .text.LL_ADC_SetCommonClock
                0x0000000008002ba8       0x26 ./Drivers/STM32H7xx_HAL_Driver/stm32h7xx_hal_adc.o
 .text.LL_ADC_SetCommonPathInternalCh
                0x0000000008002bce       0x26 ./Drivers/STM32H7xx_HAL_Driver/stm32h7xx_hal_adc.o
 .text.LL_ADC_GetCommonPathInternalCh
                0x0000000008002bf4       0x1c ./Drivers/STM32H7xx_HAL_Driver/stm32h7xx_hal_adc.o
 .text.LL_ADC_SetOffset
                0x0000000008002c10       0x40 ./Drivers/STM32H7xx_HAL_Driver/stm32h7xx_hal_adc.o
 .text.LL_ADC_SetDataRightShift
                0x0000000008002c50       0x32 ./Drivers/STM32H7xx_HAL_Driver/stm32h7xx_hal_adc.o
 .text.LL_ADC_SetOffsetSignedSaturation
                0x0000000008002c82       0x36 ./Drivers/STM32H7xx_HAL_Driver/stm32h7xx_hal_adc.o
 .text.LL_ADC_REG_IsTriggerSourceSWStart
                0x0000000008002cb8       0x26 ./Drivers/STM32H7xx_HAL_Driver/stm32h7xx_hal_adc.o
 .text.LL_ADC_REG_SetSequencerRanks
                0x0000000008002cde       0x58 ./Drivers/STM32H7xx_HAL_Driver/stm32h7xx_hal_adc.o
 .text.LL_ADC_REG_SetDataTransferMode
                0x0000000008002d36       0x26 ./Drivers/STM32H7xx_HAL_Driver/stm32h7xx_hal_adc.o
 .text.LL_ADC_INJ_IsTriggerSourceSWStart
                0x0000000008002d5c       0x26 ./Drivers/STM32H7xx_HAL_Driver/stm32h7xx_hal_adc.o
 .text.LL_ADC_SetChannelSamplingTime
                0x0000000008002d82       0x56 ./Drivers/STM32H7xx_HAL_Driver/stm32h7xx_hal_adc.o
 .text.LL_ADC_SetChannelSingleDiff
                0x0000000008002dd8       0x48 ./Drivers/STM32H7xx_HAL_Driver/stm32h7xx_hal_adc.o
 .text.LL_ADC_GetMultimode
                0x0000000008002e20       0x1c ./Drivers/STM32H7xx_HAL_Driver/stm32h7xx_hal_adc.o
 .text.LL_ADC_GetMultiDMATransfer
                0x0000000008002e3c       0x1c ./Drivers/STM32H7xx_HAL_Driver/stm32h7xx_hal_adc.o
 .text.LL_ADC_DisableDeepPowerDown
                0x0000000008002e58       0x24 ./Drivers/STM32H7xx_HAL_Driver/stm32h7xx_hal_adc.o
 .text.LL_ADC_IsDeepPowerDownEnabled
                0x0000000008002e7c       0x28 ./Drivers/STM32H7xx_HAL_Driver/stm32h7xx_hal_adc.o
 .text.LL_ADC_EnableInternalRegulator
                0x0000000008002ea4       0x28 ./Drivers/STM32H7xx_HAL_Driver/stm32h7xx_hal_adc.o
 .text.LL_ADC_IsInternalRegulatorEnabled
                0x0000000008002ecc       0x28 ./Drivers/STM32H7xx_HAL_Driver/stm32h7xx_hal_adc.o
 .text.LL_ADC_Enable
                0x0000000008002ef4       0x28 ./Drivers/STM32H7xx_HAL_Driver/stm32h7xx_hal_adc.o
 .text.LL_ADC_IsEnabled
                0x0000000008002f1c       0x26 ./Drivers/STM32H7xx_HAL_Driver/stm32h7xx_hal_adc.o
 *fill*         0x0000000008002f42        0x2 
 .text.LL_ADC_REG_StartConversion
                0x0000000008002f44       0x28 ./Drivers/STM32H7xx_HAL_Driver/stm32h7xx_hal_adc.o
 .text.LL_ADC_REG_IsConversionOngoing
                0x0000000008002f6c       0x26 ./Drivers/STM32H7xx_HAL_Driver/stm32h7xx_hal_adc.o
 .text.LL_ADC_INJ_IsConversionOngoing
                0x0000000008002f92       0x26 ./Drivers/STM32H7xx_HAL_Driver/stm32h7xx_hal_adc.o
 .text.HAL_ADC_Init
                0x0000000008002fb8      0x344 ./Drivers/STM32H7xx_HAL_Driver/stm32h7xx_hal_adc.o
                0x0000000008002fb8                HAL_ADC_Init
 .text.HAL_ADC_Start_DMA
                0x00000000080032fc      0x188 ./Drivers/STM32H7xx_HAL_Driver/stm32h7xx_hal_adc.o
                0x00000000080032fc                HAL_ADC_Start_DMA
 .text.HAL_ADC_IRQHandler
                0x0000000008003484      0x474 ./Drivers/STM32H7xx_HAL_Driver/stm32h7xx_hal_adc.o
                0x0000000008003484                HAL_ADC_IRQHandler
 .text.HAL_ADC_ConvHalfCpltCallback
                0x00000000080038f8       0x14 ./Drivers/STM32H7xx_HAL_Driver/stm32h7xx_hal_adc.o
                0x00000000080038f8                HAL_ADC_ConvHalfCpltCallback
 .text.HAL_ADC_LevelOutOfWindowCallback
                0x000000000800390c       0x14 ./Drivers/STM32H7xx_HAL_Driver/stm32h7xx_hal_adc.o
                0x000000000800390c                HAL_ADC_LevelOutOfWindowCallback
 .text.HAL_ADC_ErrorCallback
                0x0000000008003920       0x14 ./Drivers/STM32H7xx_HAL_Driver/stm32h7xx_hal_adc.o
                0x0000000008003920                HAL_ADC_ErrorCallback
 .text.HAL_ADC_ConfigChannel
                0x0000000008003934      0x6b8 ./Drivers/STM32H7xx_HAL_Driver/stm32h7xx_hal_adc.o
                0x0000000008003934                HAL_ADC_ConfigChannel
 .text.ADC_Enable
                0x0000000008003fec      0x114 ./Drivers/STM32H7xx_HAL_Driver/stm32h7xx_hal_adc.o
                0x0000000008003fec                ADC_Enable
 .text.ADC_DMAConvCplt
                0x0000000008004100       0xd8 ./Drivers/STM32H7xx_HAL_Driver/stm32h7xx_hal_adc.o
                0x0000000008004100                ADC_DMAConvCplt
 .text.ADC_DMAHalfConvCplt
                0x00000000080041d8       0x1c ./Drivers/STM32H7xx_HAL_Driver/stm32h7xx_hal_adc.o
                0x00000000080041d8                ADC_DMAHalfConvCplt
 .text.ADC_DMAError
                0x00000000080041f4       0x34 ./Drivers/STM32H7xx_HAL_Driver/stm32h7xx_hal_adc.o
                0x00000000080041f4                ADC_DMAError
 .text.ADC_ConfigureBoostMode
                0x0000000008004228      0x218 ./Drivers/STM32H7xx_HAL_Driver/stm32h7xx_hal_adc.o
                0x0000000008004228                ADC_ConfigureBoostMode
 .text.HAL_ADCEx_InjectedConvCpltCallback
                0x0000000008004440       0x14 ./Drivers/STM32H7xx_HAL_Driver/stm32h7xx_hal_adc_ex.o
                0x0000000008004440                HAL_ADCEx_InjectedConvCpltCallback
 .text.HAL_ADCEx_InjectedQueueOverflowCallback
                0x0000000008004454       0x14 ./Drivers/STM32H7xx_HAL_Driver/stm32h7xx_hal_adc_ex.o
                0x0000000008004454                HAL_ADCEx_InjectedQueueOverflowCallback
 .text.HAL_ADCEx_LevelOutOfWindow2Callback
                0x0000000008004468       0x14 ./Drivers/STM32H7xx_HAL_Driver/stm32h7xx_hal_adc_ex.o
                0x0000000008004468                HAL_ADCEx_LevelOutOfWindow2Callback
 .text.HAL_ADCEx_LevelOutOfWindow3Callback
                0x000000000800447c       0x14 ./Drivers/STM32H7xx_HAL_Driver/stm32h7xx_hal_adc_ex.o
                0x000000000800447c                HAL_ADCEx_LevelOutOfWindow3Callback
 .text.HAL_ADCEx_EndOfSamplingCallback
                0x0000000008004490       0x14 ./Drivers/STM32H7xx_HAL_Driver/stm32h7xx_hal_adc_ex.o
                0x0000000008004490                HAL_ADCEx_EndOfSamplingCallback
 .text.__NVIC_SetPriorityGrouping
                0x00000000080044a4       0x48 ./Drivers/STM32H7xx_HAL_Driver/stm32h7xx_hal_cortex.o
 .text.__NVIC_GetPriorityGrouping
                0x00000000080044ec       0x1c ./Drivers/STM32H7xx_HAL_Driver/stm32h7xx_hal_cortex.o
 .text.__NVIC_EnableIRQ
                0x0000000008004508       0x3c ./Drivers/STM32H7xx_HAL_Driver/stm32h7xx_hal_cortex.o
 .text.__NVIC_SetPriority
                0x0000000008004544       0x54 ./Drivers/STM32H7xx_HAL_Driver/stm32h7xx_hal_cortex.o
 .text.NVIC_EncodePriority
                0x0000000008004598       0x66 ./Drivers/STM32H7xx_HAL_Driver/stm32h7xx_hal_cortex.o
 *fill*         0x00000000080045fe        0x2 
 .text.SysTick_Config
                0x0000000008004600       0x44 ./Drivers/STM32H7xx_HAL_Driver/stm32h7xx_hal_cortex.o
 .text.HAL_NVIC_SetPriorityGrouping
                0x0000000008004644       0x16 ./Drivers/STM32H7xx_HAL_Driver/stm32h7xx_hal_cortex.o
                0x0000000008004644                HAL_NVIC_SetPriorityGrouping
 .text.HAL_NVIC_SetPriority
                0x000000000800465a       0x34 ./Drivers/STM32H7xx_HAL_Driver/stm32h7xx_hal_cortex.o
                0x000000000800465a                HAL_NVIC_SetPriority
 .text.HAL_NVIC_EnableIRQ
                0x000000000800468e       0x1c ./Drivers/STM32H7xx_HAL_Driver/stm32h7xx_hal_cortex.o
                0x000000000800468e                HAL_NVIC_EnableIRQ
 .text.HAL_SYSTICK_Config
                0x00000000080046aa       0x18 ./Drivers/STM32H7xx_HAL_Driver/stm32h7xx_hal_cortex.o
                0x00000000080046aa                HAL_SYSTICK_Config
 *fill*         0x00000000080046c2        0x2 
 .text.HAL_DMA_Init
                0x00000000080046c4      0x6b8 ./Drivers/STM32H7xx_HAL_Driver/stm32h7xx_hal_dma.o
                0x00000000080046c4                HAL_DMA_Init
 .text.HAL_DMA_Start_IT
                0x0000000008004d7c      0x4d4 ./Drivers/STM32H7xx_HAL_Driver/stm32h7xx_hal_dma.o
                0x0000000008004d7c                HAL_DMA_Start_IT
 .text.HAL_DMA_Abort
                0x0000000008005250      0x63c ./Drivers/STM32H7xx_HAL_Driver/stm32h7xx_hal_dma.o
                0x0000000008005250                HAL_DMA_Abort
 .text.HAL_DMA_Abort_IT
                0x000000000800588c      0x48c ./Drivers/STM32H7xx_HAL_Driver/stm32h7xx_hal_dma.o
                0x000000000800588c                HAL_DMA_Abort_IT
 .text.HAL_DMA_IRQHandler
                0x0000000008005d18      0xe54 ./Drivers/STM32H7xx_HAL_Driver/stm32h7xx_hal_dma.o
                0x0000000008005d18                HAL_DMA_IRQHandler
 .text.DMA_SetConfig
                0x0000000008006b6c      0x358 ./Drivers/STM32H7xx_HAL_Driver/stm32h7xx_hal_dma.o
 .text.DMA_CalcBaseAndBitshift
                0x0000000008006ec4      0x164 ./Drivers/STM32H7xx_HAL_Driver/stm32h7xx_hal_dma.o
 .text.DMA_CheckFifoParam
                0x0000000008007028       0xf8 ./Drivers/STM32H7xx_HAL_Driver/stm32h7xx_hal_dma.o
 .text.DMA_CalcDMAMUXChannelBaseAndMask
                0x0000000008007120      0x134 ./Drivers/STM32H7xx_HAL_Driver/stm32h7xx_hal_dma.o
 .text.DMA_CalcDMAMUXRequestGenBaseAndMask
                0x0000000008007254       0xe8 ./Drivers/STM32H7xx_HAL_Driver/stm32h7xx_hal_dma.o
 .text.HAL_ETH_Init
                0x000000000800733c      0x1fc ./Drivers/STM32H7xx_HAL_Driver/stm32h7xx_hal_eth.o
                0x000000000800733c                HAL_ETH_Init
 .text.HAL_ETH_SetMDIOClockRange
                0x0000000008007538       0xa0 ./Drivers/STM32H7xx_HAL_Driver/stm32h7xx_hal_eth.o
                0x0000000008007538                HAL_ETH_SetMDIOClockRange
 .text.ETH_SetMACConfig
                0x00000000080075d8      0x238 ./Drivers/STM32H7xx_HAL_Driver/stm32h7xx_hal_eth.o
 .text.ETH_SetDMAConfig
                0x0000000008007810      0x10c ./Drivers/STM32H7xx_HAL_Driver/stm32h7xx_hal_eth.o
 .text.ETH_MACDMAConfig
                0x000000000800791c      0x13a ./Drivers/STM32H7xx_HAL_Driver/stm32h7xx_hal_eth.o
 .text.ETH_DMATxDescListInit
                0x0000000008007a56       0x92 ./Drivers/STM32H7xx_HAL_Driver/stm32h7xx_hal_eth.o
 .text.ETH_DMARxDescListInit
                0x0000000008007ae8       0xba ./Drivers/STM32H7xx_HAL_Driver/stm32h7xx_hal_eth.o
 *fill*         0x0000000008007ba2        0x2 
 .text.HAL_GPIO_Init
                0x0000000008007ba4      0x360 ./Drivers/STM32H7xx_HAL_Driver/stm32h7xx_hal_gpio.o
                0x0000000008007ba4                HAL_GPIO_Init
 .text.HAL_GPIO_ReadPin
                0x0000000008007f04       0x30 ./Drivers/STM32H7xx_HAL_Driver/stm32h7xx_hal_gpio.o
                0x0000000008007f04                HAL_GPIO_ReadPin
 .text.HAL_GPIO_WritePin
                0x0000000008007f34       0x32 ./Drivers/STM32H7xx_HAL_Driver/stm32h7xx_hal_gpio.o
                0x0000000008007f34                HAL_GPIO_WritePin
 *fill*         0x0000000008007f66        0x2 
 .text.HAL_HSEM_FastTake
                0x0000000008007f68       0x34 ./Drivers/STM32H7xx_HAL_Driver/stm32h7xx_hal_hsem.o
                0x0000000008007f68                HAL_HSEM_FastTake
 .text.HAL_HSEM_Release
                0x0000000008007f9c       0x28 ./Drivers/STM32H7xx_HAL_Driver/stm32h7xx_hal_hsem.o
                0x0000000008007f9c                HAL_HSEM_Release
 .text.HAL_PCD_Init
                0x0000000008007fc4      0x218 ./Drivers/STM32H7xx_HAL_Driver/stm32h7xx_hal_pcd.o
                0x0000000008007fc4                HAL_PCD_Init
 .text.HAL_PCDEx_ActivateLPM
                0x00000000080081dc       0x48 ./Drivers/STM32H7xx_HAL_Driver/stm32h7xx_hal_pcd_ex.o
                0x00000000080081dc                HAL_PCDEx_ActivateLPM
 .text.HAL_PWREx_ConfigSupply
                0x0000000008008224       0xb4 ./Drivers/STM32H7xx_HAL_Driver/stm32h7xx_hal_pwr_ex.o
                0x0000000008008224                HAL_PWREx_ConfigSupply
 .text.HAL_PWREx_EnableUSBVoltageDetector
                0x00000000080082d8       0x20 ./Drivers/STM32H7xx_HAL_Driver/stm32h7xx_hal_pwr_ex.o
                0x00000000080082d8                HAL_PWREx_EnableUSBVoltageDetector
 .text.HAL_RCC_OscConfig
                0x00000000080082f8      0x8b4 ./Drivers/STM32H7xx_HAL_Driver/stm32h7xx_hal_rcc.o
                0x00000000080082f8                HAL_RCC_OscConfig
 .text.HAL_RCC_ClockConfig
                0x0000000008008bac      0x36c ./Drivers/STM32H7xx_HAL_Driver/stm32h7xx_hal_rcc.o
                0x0000000008008bac                HAL_RCC_ClockConfig
 .text.HAL_RCC_GetSysClockFreq
                0x0000000008008f18      0x2f4 ./Drivers/STM32H7xx_HAL_Driver/stm32h7xx_hal_rcc.o
                0x0000000008008f18                HAL_RCC_GetSysClockFreq
 .text.HAL_RCC_GetHCLKFreq
                0x000000000800920c       0x60 ./Drivers/STM32H7xx_HAL_Driver/stm32h7xx_hal_rcc.o
                0x000000000800920c                HAL_RCC_GetHCLKFreq
 .text.HAL_RCC_GetPCLK1Freq
                0x000000000800926c       0x2c ./Drivers/STM32H7xx_HAL_Driver/stm32h7xx_hal_rcc.o
                0x000000000800926c                HAL_RCC_GetPCLK1Freq
 .text.HAL_RCC_GetPCLK2Freq
                0x0000000008009298       0x2c ./Drivers/STM32H7xx_HAL_Driver/stm32h7xx_hal_rcc.o
                0x0000000008009298                HAL_RCC_GetPCLK2Freq
 .text.HAL_RCCEx_PeriphCLKConfig
                0x00000000080092c4     0x1414 ./Drivers/STM32H7xx_HAL_Driver/stm32h7xx_hal_rcc_ex.o
                0x00000000080092c4                HAL_RCCEx_PeriphCLKConfig
 .text.HAL_RCCEx_GetPeriphCLKFreq
                0x000000000800a6d8      0xb00 ./Drivers/STM32H7xx_HAL_Driver/stm32h7xx_hal_rcc_ex.o
                0x000000000800a6d8                HAL_RCCEx_GetPeriphCLKFreq
 .text.HAL_RCCEx_GetD3PCLK1Freq
                0x000000000800b1d8       0x2c ./Drivers/STM32H7xx_HAL_Driver/stm32h7xx_hal_rcc_ex.o
                0x000000000800b1d8                HAL_RCCEx_GetD3PCLK1Freq
 .text.HAL_RCCEx_GetPLL2ClockFreq
                0x000000000800b204      0x2a8 ./Drivers/STM32H7xx_HAL_Driver/stm32h7xx_hal_rcc_ex.o
                0x000000000800b204                HAL_RCCEx_GetPLL2ClockFreq
 .text.HAL_RCCEx_GetPLL3ClockFreq
                0x000000000800b4ac      0x2a8 ./Drivers/STM32H7xx_HAL_Driver/stm32h7xx_hal_rcc_ex.o
                0x000000000800b4ac                HAL_RCCEx_GetPLL3ClockFreq
 .text.HAL_RCCEx_GetPLL1ClockFreq
                0x000000000800b754      0x2a4 ./Drivers/STM32H7xx_HAL_Driver/stm32h7xx_hal_rcc_ex.o
                0x000000000800b754                HAL_RCCEx_GetPLL1ClockFreq
 .text.RCCEx_PLL2_Config
                0x000000000800b9f8      0x164 ./Drivers/STM32H7xx_HAL_Driver/stm32h7xx_hal_rcc_ex.o
 .text.RCCEx_PLL3_Config
                0x000000000800bb5c      0x164 ./Drivers/STM32H7xx_HAL_Driver/stm32h7xx_hal_rcc_ex.o
 .text.HAL_TIM_Base_Init
                0x000000000800bcc0       0xae ./Drivers/STM32H7xx_HAL_Driver/stm32h7xx_hal_tim.o
                0x000000000800bcc0                HAL_TIM_Base_Init
 *fill*         0x000000000800bd6e        0x2 
 .text.HAL_TIM_Base_Start
                0x000000000800bd70       0xe0 ./Drivers/STM32H7xx_HAL_Driver/stm32h7xx_hal_tim.o
                0x000000000800bd70                HAL_TIM_Base_Start
 .text.HAL_TIM_Base_Start_IT
                0x000000000800be50       0xf0 ./Drivers/STM32H7xx_HAL_Driver/stm32h7xx_hal_tim.o
                0x000000000800be50                HAL_TIM_Base_Start_IT
 .text.HAL_TIM_PWM_Init
                0x000000000800bf40       0xae ./Drivers/STM32H7xx_HAL_Driver/stm32h7xx_hal_tim.o
                0x000000000800bf40                HAL_TIM_PWM_Init
 .text.HAL_TIM_PWM_MspInit
                0x000000000800bfee       0x14 ./Drivers/STM32H7xx_HAL_Driver/stm32h7xx_hal_tim.o
                0x000000000800bfee                HAL_TIM_PWM_MspInit
 *fill*         0x000000000800c002        0x2 
 .text.HAL_TIM_IC_Start
                0x000000000800c004      0x208 ./Drivers/STM32H7xx_HAL_Driver/stm32h7xx_hal_tim.o
                0x000000000800c004                HAL_TIM_IC_Start
 .text.HAL_TIM_IRQHandler
                0x000000000800c20c      0x20e ./Drivers/STM32H7xx_HAL_Driver/stm32h7xx_hal_tim.o
                0x000000000800c20c                HAL_TIM_IRQHandler
 *fill*         0x000000000800c41a        0x2 
 .text.HAL_TIM_PWM_ConfigChannel
                0x000000000800c41c      0x228 ./Drivers/STM32H7xx_HAL_Driver/stm32h7xx_hal_tim.o
                0x000000000800c41c                HAL_TIM_PWM_ConfigChannel
 .text.HAL_TIM_ConfigClockSource
                0x000000000800c644      0x1f0 ./Drivers/STM32H7xx_HAL_Driver/stm32h7xx_hal_tim.o
                0x000000000800c644                HAL_TIM_ConfigClockSource
 .text.HAL_TIM_OC_DelayElapsedCallback
                0x000000000800c834       0x14 ./Drivers/STM32H7xx_HAL_Driver/stm32h7xx_hal_tim.o
                0x000000000800c834                HAL_TIM_OC_DelayElapsedCallback
 .text.HAL_TIM_IC_CaptureCallback
                0x000000000800c848       0x14 ./Drivers/STM32H7xx_HAL_Driver/stm32h7xx_hal_tim.o
                0x000000000800c848                HAL_TIM_IC_CaptureCallback
 .text.HAL_TIM_PWM_PulseFinishedCallback
                0x000000000800c85c       0x14 ./Drivers/STM32H7xx_HAL_Driver/stm32h7xx_hal_tim.o
                0x000000000800c85c                HAL_TIM_PWM_PulseFinishedCallback
 .text.HAL_TIM_TriggerCallback
                0x000000000800c870       0x14 ./Drivers/STM32H7xx_HAL_Driver/stm32h7xx_hal_tim.o
                0x000000000800c870                HAL_TIM_TriggerCallback
 .text.TIM_Base_SetConfig
                0x000000000800c884      0x14c ./Drivers/STM32H7xx_HAL_Driver/stm32h7xx_hal_tim.o
                0x000000000800c884                TIM_Base_SetConfig
 .text.TIM_OC1_SetConfig
                0x000000000800c9d0      0x120 ./Drivers/STM32H7xx_HAL_Driver/stm32h7xx_hal_tim.o
 .text.TIM_OC2_SetConfig
                0x000000000800caf0      0x114 ./Drivers/STM32H7xx_HAL_Driver/stm32h7xx_hal_tim.o
                0x000000000800caf0                TIM_OC2_SetConfig
 .text.TIM_OC3_SetConfig
                0x000000000800cc04      0x110 ./Drivers/STM32H7xx_HAL_Driver/stm32h7xx_hal_tim.o
 .text.TIM_OC4_SetConfig
                0x000000000800cd14       0xd4 ./Drivers/STM32H7xx_HAL_Driver/stm32h7xx_hal_tim.o
 .text.TIM_OC5_SetConfig
                0x000000000800cde8       0xc8 ./Drivers/STM32H7xx_HAL_Driver/stm32h7xx_hal_tim.o
 .text.TIM_OC6_SetConfig
                0x000000000800ceb0       0xcc ./Drivers/STM32H7xx_HAL_Driver/stm32h7xx_hal_tim.o
 .text.TIM_TI1_ConfigInputStage
                0x000000000800cf7c       0x5e ./Drivers/STM32H7xx_HAL_Driver/stm32h7xx_hal_tim.o
 .text.TIM_TI2_ConfigInputStage
                0x000000000800cfda       0x60 ./Drivers/STM32H7xx_HAL_Driver/stm32h7xx_hal_tim.o
 *fill*         0x000000000800d03a        0x2 
 .text.TIM_ITRx_SetConfig
                0x000000000800d03c       0x3c ./Drivers/STM32H7xx_HAL_Driver/stm32h7xx_hal_tim.o
 .text.TIM_ETR_SetConfig
                0x000000000800d078       0x40 ./Drivers/STM32H7xx_HAL_Driver/stm32h7xx_hal_tim.o
                0x000000000800d078                TIM_ETR_SetConfig
 .text.TIM_CCxChannelCmd
                0x000000000800d0b8       0x4a ./Drivers/STM32H7xx_HAL_Driver/stm32h7xx_hal_tim.o
                0x000000000800d0b8                TIM_CCxChannelCmd
 *fill*         0x000000000800d102        0x2 
 .text.HAL_TIMEx_MasterConfigSynchronization
                0x000000000800d104      0x11c ./Drivers/STM32H7xx_HAL_Driver/stm32h7xx_hal_tim_ex.o
                0x000000000800d104                HAL_TIMEx_MasterConfigSynchronization
 .text.HAL_TIMEx_CommutCallback
                0x000000000800d220       0x14 ./Drivers/STM32H7xx_HAL_Driver/stm32h7xx_hal_tim_ex.o
                0x000000000800d220                HAL_TIMEx_CommutCallback
 .text.HAL_TIMEx_BreakCallback
                0x000000000800d234       0x14 ./Drivers/STM32H7xx_HAL_Driver/stm32h7xx_hal_tim_ex.o
                0x000000000800d234                HAL_TIMEx_BreakCallback
 .text.HAL_TIMEx_Break2Callback
                0x000000000800d248       0x14 ./Drivers/STM32H7xx_HAL_Driver/stm32h7xx_hal_tim_ex.o
                0x000000000800d248                HAL_TIMEx_Break2Callback
 .text.HAL_UART_Init
                0x000000000800d25c       0xa0 ./Drivers/STM32H7xx_HAL_Driver/stm32h7xx_hal_uart.o
                0x000000000800d25c                HAL_UART_Init
 .text.HAL_UART_IRQHandler
                0x000000000800d2fc      0x774 ./Drivers/STM32H7xx_HAL_Driver/stm32h7xx_hal_uart.o
                0x000000000800d2fc                HAL_UART_IRQHandler
 .text.HAL_UART_TxCpltCallback
                0x000000000800da70       0x14 ./Drivers/STM32H7xx_HAL_Driver/stm32h7xx_hal_uart.o
                0x000000000800da70                HAL_UART_TxCpltCallback
 .text.HAL_UART_ErrorCallback
                0x000000000800da84       0x14 ./Drivers/STM32H7xx_HAL_Driver/stm32h7xx_hal_uart.o
                0x000000000800da84                HAL_UART_ErrorCallback
 .text.HAL_UARTEx_RxEventCallback
                0x000000000800da98       0x18 ./Drivers/STM32H7xx_HAL_Driver/stm32h7xx_hal_uart.o
                0x000000000800da98                HAL_UARTEx_RxEventCallback
 .text.UART_SetConfig
                0x000000000800dab0      0xad0 ./Drivers/STM32H7xx_HAL_Driver/stm32h7xx_hal_uart.o
                0x000000000800dab0                UART_SetConfig
 .text.UART_AdvFeatureConfig
                0x000000000800e580      0x144 ./Drivers/STM32H7xx_HAL_Driver/stm32h7xx_hal_uart.o
                0x000000000800e580                UART_AdvFeatureConfig
 .text.UART_CheckIdleState
                0x000000000800e6c4      0x154 ./Drivers/STM32H7xx_HAL_Driver/stm32h7xx_hal_uart.o
                0x000000000800e6c4                UART_CheckIdleState
 .text.UART_WaitOnFlagUntilTimeout
                0x000000000800e818       0xda ./Drivers/STM32H7xx_HAL_Driver/stm32h7xx_hal_uart.o
                0x000000000800e818                UART_WaitOnFlagUntilTimeout
 *fill*         0x000000000800e8f2        0x2 
 .text.UART_EndRxTransfer
                0x000000000800e8f4       0xcc ./Drivers/STM32H7xx_HAL_Driver/stm32h7xx_hal_uart.o
 .text.UART_DMAAbortOnError
                0x000000000800e9c0       0x2c ./Drivers/STM32H7xx_HAL_Driver/stm32h7xx_hal_uart.o
 .text.UART_EndTransmit_IT
                0x000000000800e9ec       0x56 ./Drivers/STM32H7xx_HAL_Driver/stm32h7xx_hal_uart.o
 .text.HAL_UARTEx_WakeupCallback
                0x000000000800ea42       0x14 ./Drivers/STM32H7xx_HAL_Driver/stm32h7xx_hal_uart_ex.o
                0x000000000800ea42                HAL_UARTEx_WakeupCallback
 .text.HAL_UARTEx_RxFifoFullCallback
                0x000000000800ea56       0x14 ./Drivers/STM32H7xx_HAL_Driver/stm32h7xx_hal_uart_ex.o
                0x000000000800ea56                HAL_UARTEx_RxFifoFullCallback
 .text.HAL_UARTEx_TxFifoEmptyCallback
                0x000000000800ea6a       0x14 ./Drivers/STM32H7xx_HAL_Driver/stm32h7xx_hal_uart_ex.o
                0x000000000800ea6a                HAL_UARTEx_TxFifoEmptyCallback
 .text.HAL_UARTEx_DisableFifoMode
                0x000000000800ea7e       0x72 ./Drivers/STM32H7xx_HAL_Driver/stm32h7xx_hal_uart_ex.o
                0x000000000800ea7e                HAL_UARTEx_DisableFifoMode
 .text.HAL_UARTEx_SetTxFifoThreshold
                0x000000000800eaf0       0x7c ./Drivers/STM32H7xx_HAL_Driver/stm32h7xx_hal_uart_ex.o
                0x000000000800eaf0                HAL_UARTEx_SetTxFifoThreshold
 .text.HAL_UARTEx_SetRxFifoThreshold
                0x000000000800eb6c       0x7c ./Drivers/STM32H7xx_HAL_Driver/stm32h7xx_hal_uart_ex.o
                0x000000000800eb6c                HAL_UARTEx_SetRxFifoThreshold
 .text.UARTEx_SetNbDataToProcess
                0x000000000800ebe8       0x9c ./Drivers/STM32H7xx_HAL_Driver/stm32h7xx_hal_uart_ex.o
 .text.USB_CoreInit
                0x000000000800ec84       0xe4 ./Drivers/STM32H7xx_HAL_Driver/stm32h7xx_ll_usb.o
                0x000000000800ec84                USB_CoreInit
 .text.USB_DisableGlobalInt
                0x000000000800ed68       0x22 ./Drivers/STM32H7xx_HAL_Driver/stm32h7xx_ll_usb.o
                0x000000000800ed68                USB_DisableGlobalInt
 .text.USB_SetCurrentMode
                0x000000000800ed8a       0x98 ./Drivers/STM32H7xx_HAL_Driver/stm32h7xx_ll_usb.o
                0x000000000800ed8a                USB_SetCurrentMode
 *fill*         0x000000000800ee22        0x2 
 .text.USB_DevInit
                0x000000000800ee24      0x2bc ./Drivers/STM32H7xx_HAL_Driver/stm32h7xx_ll_usb.o
                0x000000000800ee24                USB_DevInit
 .text.USB_FlushTxFifo
                0x000000000800f0e0       0x64 ./Drivers/STM32H7xx_HAL_Driver/stm32h7xx_ll_usb.o
                0x000000000800f0e0                USB_FlushTxFifo
 .text.USB_FlushRxFifo
                0x000000000800f144       0x5c ./Drivers/STM32H7xx_HAL_Driver/stm32h7xx_ll_usb.o
                0x000000000800f144                USB_FlushRxFifo
 .text.USB_SetDevSpeed
                0x000000000800f1a0       0x32 ./Drivers/STM32H7xx_HAL_Driver/stm32h7xx_ll_usb.o
                0x000000000800f1a0                USB_SetDevSpeed
 .text.USB_DevDisconnect
                0x000000000800f1d2       0x42 ./Drivers/STM32H7xx_HAL_Driver/stm32h7xx_ll_usb.o
                0x000000000800f1d2                USB_DevDisconnect
 .text.USB_GetMode
                0x000000000800f214       0x1c ./Drivers/STM32H7xx_HAL_Driver/stm32h7xx_ll_usb.o
                0x000000000800f214                USB_GetMode
 .text.USB_CoreReset
                0x000000000800f230       0x62 ./Drivers/STM32H7xx_HAL_Driver/stm32h7xx_ll_usb.o
 .text.memset   0x000000000800f292       0x10 C:/ST/STM32CubeIDE_1.13.2/STM32CubeIDE/plugins/com.st.stm32cube.ide.mcu.externaltools.gnu-tools-for-stm32.11.3.rel1.win32_1.1.1.202309131626/tools/bin/../lib/gcc/arm-none-eabi/11.3.1/../../../../arm-none-eabi/lib/thumb/v7e-m+dp/hard\libc_nano.a(libc_a-memset.o)
                0x000000000800f292                memset
 *fill*         0x000000000800f2a2        0x2 
 .text.__libc_init_array
                0x000000000800f2a4       0x48 C:/ST/STM32CubeIDE_1.13.2/STM32CubeIDE/plugins/com.st.stm32cube.ide.mcu.externaltools.gnu-tools-for-stm32.11.3.rel1.win32_1.1.1.202309131626/tools/bin/../lib/gcc/arm-none-eabi/11.3.1/../../../../arm-none-eabi/lib/thumb/v7e-m+dp/hard\libc_nano.a(libc_a-init.o)
                0x000000000800f2a4                __libc_init_array
 .text.round    0x000000000800f2ec       0x88 C:/ST/STM32CubeIDE_1.13.2/STM32CubeIDE/plugins/com.st.stm32cube.ide.mcu.externaltools.gnu-tools-for-stm32.11.3.rel1.win32_1.1.1.202309131626/tools/bin/../lib/gcc/arm-none-eabi/11.3.1/../../../../arm-none-eabi/lib/thumb/v7e-m+dp/hard\libm.a(libm_a-s_round.o)
                0x000000000800f2ec                round
 *(.glue_7)
 .glue_7        0x000000000800f374        0x0 linker stubs
 *(.glue_7t)
 .glue_7t       0x000000000800f374        0x0 linker stubs
 *(.eh_frame)
 .eh_frame      0x000000000800f374        0x0 C:/ST/STM32CubeIDE_1.13.2/STM32CubeIDE/plugins/com.st.stm32cube.ide.mcu.externaltools.gnu-tools-for-stm32.11.3.rel1.win32_1.1.1.202309131626/tools/bin/../lib/gcc/arm-none-eabi/11.3.1/thumb/v7e-m+dp/hard/crtbegin.o
 *(.init)
 .init          0x000000000800f374        0x4 C:/ST/STM32CubeIDE_1.13.2/STM32CubeIDE/plugins/com.st.stm32cube.ide.mcu.externaltools.gnu-tools-for-stm32.11.3.rel1.win32_1.1.1.202309131626/tools/bin/../lib/gcc/arm-none-eabi/11.3.1/thumb/v7e-m+dp/hard/crti.o
                0x000000000800f374                _init
 .init          0x000000000800f378        0x8 C:/ST/STM32CubeIDE_1.13.2/STM32CubeIDE/plugins/com.st.stm32cube.ide.mcu.externaltools.gnu-tools-for-stm32.11.3.rel1.win32_1.1.1.202309131626/tools/bin/../lib/gcc/arm-none-eabi/11.3.1/thumb/v7e-m+dp/hard/crtn.o
 *(.fini)
 .fini          0x000000000800f380        0x4 C:/ST/STM32CubeIDE_1.13.2/STM32CubeIDE/plugins/com.st.stm32cube.ide.mcu.externaltools.gnu-tools-for-stm32.11.3.rel1.win32_1.1.1.202309131626/tools/bin/../lib/gcc/arm-none-eabi/11.3.1/thumb/v7e-m+dp/hard/crti.o
                0x000000000800f380                _fini
 .fini          0x000000000800f384        0x8 C:/ST/STM32CubeIDE_1.13.2/STM32CubeIDE/plugins/com.st.stm32cube.ide.mcu.externaltools.gnu-tools-for-stm32.11.3.rel1.win32_1.1.1.202309131626/tools/bin/../lib/gcc/arm-none-eabi/11.3.1/thumb/v7e-m+dp/hard/crtn.o
                0x000000000800f38c                . = ALIGN (0x4)
                0x000000000800f38c                _etext = .

.vfp11_veneer   0x000000000800f38c        0x0
 .vfp11_veneer  0x000000000800f38c        0x0 linker stubs

.v4_bx          0x000000000800f38c        0x0
 .v4_bx         0x000000000800f38c        0x0 linker stubs

.iplt           0x000000000800f38c        0x0
 .iplt          0x000000000800f38c        0x0 C:/ST/STM32CubeIDE_1.13.2/STM32CubeIDE/plugins/com.st.stm32cube.ide.mcu.externaltools.gnu-tools-for-stm32.11.3.rel1.win32_1.1.1.202309131626/tools/bin/../lib/gcc/arm-none-eabi/11.3.1/thumb/v7e-m+dp/hard/crtbegin.o

.rodata         0x000000000800f38c       0x40
                0x000000000800f38c                . = ALIGN (0x4)
 *(.rodata)
 *(.rodata*)
 .rodata.D1CorePrescTable
                0x000000000800f38c       0x10 ./Common/Src/system_stm32h7xx_dualcore_boot_cm4_cm7.o
                0x000000000800f38c                D1CorePrescTable
 .rodata.flagBitshiftOffset.0
                0x000000000800f39c        0x8 ./Drivers/STM32H7xx_HAL_Driver/stm32h7xx_hal_dma.o
 .rodata.UARTPrescTable
                0x000000000800f3a4       0x18 ./Drivers/STM32H7xx_HAL_Driver/stm32h7xx_hal_uart.o
                0x000000000800f3a4                UARTPrescTable
 .rodata.numerator.1
                0x000000000800f3bc        0x8 ./Drivers/STM32H7xx_HAL_Driver/stm32h7xx_hal_uart_ex.o
 .rodata.denominator.0
                0x000000000800f3c4        0x8 ./Drivers/STM32H7xx_HAL_Driver/stm32h7xx_hal_uart_ex.o
                0x000000000800f3cc                . = ALIGN (0x4)

.ARM.extab      0x000000000800f3cc        0x0
                0x000000000800f3cc                . = ALIGN (0x4)
 *(.ARM.extab* .gnu.linkonce.armextab.*)
                0x000000000800f3cc                . = ALIGN (0x4)

.ARM            0x000000000800f3cc        0x8
                0x000000000800f3cc                . = ALIGN (0x4)
                0x000000000800f3cc                __exidx_start = .
 *(.ARM.exidx*)
 .ARM.exidx     0x000000000800f3cc        0x8 C:/ST/STM32CubeIDE_1.13.2/STM32CubeIDE/plugins/com.st.stm32cube.ide.mcu.externaltools.gnu-tools-for-stm32.11.3.rel1.win32_1.1.1.202309131626/tools/bin/../lib/gcc/arm-none-eabi/11.3.1/thumb/v7e-m+dp/hard\libgcc.a(_udivmoddi4.o)
                0x000000000800f3d4                __exidx_end = .
                0x000000000800f3d4                . = ALIGN (0x4)

.rel.dyn        0x000000000800f3d4        0x0
 .rel.iplt      0x000000000800f3d4        0x0 C:/ST/STM32CubeIDE_1.13.2/STM32CubeIDE/plugins/com.st.stm32cube.ide.mcu.externaltools.gnu-tools-for-stm32.11.3.rel1.win32_1.1.1.202309131626/tools/bin/../lib/gcc/arm-none-eabi/11.3.1/thumb/v7e-m+dp/hard/crtbegin.o

.preinit_array  0x000000000800f3d4        0x0
                0x000000000800f3d4                . = ALIGN (0x4)
                0x000000000800f3d4                PROVIDE (__preinit_array_start = .)
 *(.preinit_array*)
                0x000000000800f3d4                PROVIDE (__preinit_array_end = .)
                0x000000000800f3d4                . = ALIGN (0x4)

.init_array     0x000000000800f3d4        0x4
                0x000000000800f3d4                . = ALIGN (0x4)
                0x000000000800f3d4                PROVIDE (__init_array_start = .)
 *(SORT_BY_NAME(.init_array.*))
 *(.init_array*)
 .init_array    0x000000000800f3d4        0x4 C:/ST/STM32CubeIDE_1.13.2/STM32CubeIDE/plugins/com.st.stm32cube.ide.mcu.externaltools.gnu-tools-for-stm32.11.3.rel1.win32_1.1.1.202309131626/tools/bin/../lib/gcc/arm-none-eabi/11.3.1/thumb/v7e-m+dp/hard/crtbegin.o
                0x000000000800f3d8                PROVIDE (__init_array_end = .)
                0x000000000800f3d8                . = ALIGN (0x4)

.fini_array     0x000000000800f3d8        0x4
                0x000000000800f3d8                . = ALIGN (0x4)
                [!provide]                        PROVIDE (__fini_array_start = .)
 *(SORT_BY_NAME(.fini_array.*))
 *(.fini_array*)
 .fini_array    0x000000000800f3d8        0x4 C:/ST/STM32CubeIDE_1.13.2/STM32CubeIDE/plugins/com.st.stm32cube.ide.mcu.externaltools.gnu-tools-for-stm32.11.3.rel1.win32_1.1.1.202309131626/tools/bin/../lib/gcc/arm-none-eabi/11.3.1/thumb/v7e-m+dp/hard/crtbegin.o
                [!provide]                        PROVIDE (__fini_array_end = .)
                0x000000000800f3dc                . = ALIGN (0x4)
                0x000000000800f3dc                _sidata = LOADADDR (.data)

.data           0x0000000024000000      0x2e8 load address 0x000000000800f3dc
                0x0000000024000000                . = ALIGN (0x4)
                0x0000000024000000                _sdata = .
 *(.data)
 *(.data*)
 .data.SystemCoreClock
                0x0000000024000000        0x4 ./Common/Src/system_stm32h7xx_dualcore_boot_cm4_cm7.o
                0x0000000024000000                SystemCoreClock
 .data.SystemD2Clock
                0x0000000024000004        0x4 ./Common/Src/system_stm32h7xx_dualcore_boot_cm4_cm7.o
                0x0000000024000004                SystemD2Clock
 .data.servos2  0x0000000024000008       0xfc ./Core/Src/main.o
                0x0000000024000008                servos2
 .data.home_position
                0x0000000024000104       0x1c ./Core/Src/main.o
                0x0000000024000104                home_position
 .data.pick_position_1
                0x0000000024000120       0x1c ./Core/Src/main.o
                0x0000000024000120                pick_position_1
 .data.pick_position_2
                0x000000002400013c       0x1c ./Core/Src/main.o
                0x000000002400013c                pick_position_2
 .data.pick_position_3
                0x0000000024000158       0x1c ./Core/Src/main.o
                0x0000000024000158                pick_position_3
 .data.pick_position_4
                0x0000000024000174       0x1c ./Core/Src/main.o
                0x0000000024000174                pick_position_4
 .data.pick_position_5
                0x0000000024000190       0x1c ./Core/Src/main.o
                0x0000000024000190                pick_position_5
 .data.grip_position_1
                0x00000000240001ac       0x1c ./Core/Src/main.o
                0x00000000240001ac                grip_position_1
 .data.grip_position_2
                0x00000000240001c8       0x1c ./Core/Src/main.o
                0x00000000240001c8                grip_position_2
 .data.home_grip
                0x00000000240001e4       0x1c ./Core/Src/main.o
                0x00000000240001e4                home_grip
 .data.shelf1_position_1
                0x0000000024000200       0x1c ./Core/Src/main.o
                0x0000000024000200                shelf1_position_1
 .data.shelf1_position_2
                0x000000002400021c       0x1c ./Core/Src/main.o
                0x000000002400021c                shelf1_position_2
 .data.shelf1_position_3
                0x0000000024000238       0x1c ./Core/Src/main.o
                0x0000000024000238                shelf1_position_3
 .data.shelf1_position_4
                0x0000000024000254       0x1c ./Core/Src/main.o
                0x0000000024000254                shelf1_position_4
 .data.shelf1_position_5
                0x0000000024000270       0x1c ./Core/Src/main.o
                0x0000000024000270                shelf1_position_5
 .data.shelf1_position_6
                0x000000002400028c       0x1c ./Core/Src/main.o
                0x000000002400028c                shelf1_position_6
 .data.shelf2_position
                0x00000000240002a8       0x1c ./Core/Src/main.o
                0x00000000240002a8                shelf2_position
 .data.shelf3_position
                0x00000000240002c4       0x1c ./Core/Src/main.o
                0x00000000240002c4                shelf3_position
 .data.uwTickPrio
                0x00000000240002e0        0x4 ./Drivers/STM32H7xx_HAL_Driver/stm32h7xx_hal.o
                0x00000000240002e0                uwTickPrio
 .data.uwTickFreq
                0x00000000240002e4        0x1 ./Drivers/STM32H7xx_HAL_Driver/stm32h7xx_hal.o
                0x00000000240002e4                uwTickFreq
 *(.RamFunc)
 *(.RamFunc*)
                0x00000000240002e8                . = ALIGN (0x4)
 *fill*         0x00000000240002e5        0x3 
                0x00000000240002e8                _edata = .

.igot.plt       0x00000000240002e8        0x0 load address 0x000000000800f6c4
 .igot.plt      0x00000000240002e8        0x0 C:/ST/STM32CubeIDE_1.13.2/STM32CubeIDE/plugins/com.st.stm32cube.ide.mcu.externaltools.gnu-tools-for-stm32.11.3.rel1.win32_1.1.1.202309131626/tools/bin/../lib/gcc/arm-none-eabi/11.3.1/thumb/v7e-m+dp/hard/crtbegin.o

.RxDecripSection
                0x00000000240002e8       0x60 load address 0x000000000800f6c4
 .RxDecripSection
                0x00000000240002e8       0x60 ./Core/Src/main.o
                0x00000000240002e8                DMARxDscrTab

.TxDecripSection
                0x0000000024000348       0x60 load address 0x000000000800f724
 .TxDecripSection
                0x0000000024000348       0x60 ./Core/Src/main.o
                0x0000000024000348                DMATxDscrTab
                0x00000000240003a8                . = ALIGN (0x4)

.bss            0x00000000240003a8      0xf98 load address 0x000000000800f784
                0x00000000240003a8                _sbss = .
                0x00000000240003a8                __bss_start__ = _sbss
 *(.bss)
 .bss           0x00000000240003a8       0x1c C:/ST/STM32CubeIDE_1.13.2/STM32CubeIDE/plugins/com.st.stm32cube.ide.mcu.externaltools.gnu-tools-for-stm32.11.3.rel1.win32_1.1.1.202309131626/tools/bin/../lib/gcc/arm-none-eabi/11.3.1/thumb/v7e-m+dp/hard/crtbegin.o
 *(.bss*)
 .bss.TxConfig  0x00000000240003c4       0x38 ./Core/Src/main.o
                0x00000000240003c4                TxConfig
 .bss.hadc3     0x00000000240003fc       0x64 ./Core/Src/main.o
                0x00000000240003fc                hadc3
 .bss.hdma_adc3
                0x0000000024000460       0x78 ./Core/Src/main.o
                0x0000000024000460                hdma_adc3
 .bss.heth      0x00000000240004d8       0xb0 ./Core/Src/main.o
                0x00000000240004d8                heth
 .bss.htim2     0x0000000024000588       0x4c ./Core/Src/main.o
                0x0000000024000588                htim2
 .bss.htim3     0x00000000240005d4       0x4c ./Core/Src/main.o
                0x00000000240005d4                htim3
 .bss.htim4     0x0000000024000620       0x4c ./Core/Src/main.o
                0x0000000024000620                htim4
 .bss.htim5     0x000000002400066c       0x4c ./Core/Src/main.o
                0x000000002400066c                htim5
 .bss.htim6     0x00000000240006b8       0x4c ./Core/Src/main.o
                0x00000000240006b8                htim6
 .bss.htim7     0x0000000024000704       0x4c ./Core/Src/main.o
                0x0000000024000704                htim7
 .bss.htim8     0x0000000024000750       0x4c ./Core/Src/main.o
                0x0000000024000750                htim8
 .bss.huart3    0x000000002400079c       0x94 ./Core/Src/main.o
                0x000000002400079c                huart3
 .bss.hpcd_USB_OTG_FS
                0x0000000024000830      0x4e4 ./Core/Src/main.o
                0x0000000024000830                hpcd_USB_OTG_FS
 .bss.PLC_IN1   0x0000000024000d14        0x4 ./Core/Src/main.o
                0x0000000024000d14                PLC_IN1
 .bss.PLC_IN2   0x0000000024000d18        0x4 ./Core/Src/main.o
                0x0000000024000d18                PLC_IN2
 .bss.PLC_IN_SUM
                0x0000000024000d1c        0x4 ./Core/Src/main.o
                0x0000000024000d1c                PLC_IN_SUM
 .bss.PLC_OUT   0x0000000024000d20        0x4 ./Core/Src/main.o
                0x0000000024000d20                PLC_OUT
 .bss.sampleBuffer
                0x0000000024000d24      0x578 ./Core/Src/main.o
                0x0000000024000d24                sampleBuffer
 .bss.sampleCounts
                0x000000002400129c       0x1c ./Core/Src/main.o
                0x000000002400129c                sampleCounts
 .bss.averagedAngles
                0x00000000240012b8       0x1c ./Core/Src/main.o
                0x00000000240012b8                averagedAngles
 .bss.angles    0x00000000240012d4       0x1c ./Core/Src/main.o
                0x00000000240012d4                angles
 .bss.adc_angle
                0x00000000240012f0       0x1c ./Core/Src/main.o
                0x00000000240012f0                adc_angle
 .bss.rawValues
                0x000000002400130c        0xe ./Core/Src/main.o
                0x000000002400130c                rawValues
 *fill*         0x000000002400131a        0x2 
 .bss.adcConversionComplete
                0x000000002400131c        0x4 ./Core/Src/main.o
                0x000000002400131c                adcConversionComplete
 .bss.alarm     0x0000000024001320        0x4 ./Core/Src/main.o
                0x0000000024001320                alarm
 .bss.alarm_set
                0x0000000024001324        0x4 ./Core/Src/main.o
                0x0000000024001324                alarm_set
 .bss.alarm_led_on
                0x0000000024001328        0x4 ./Core/Src/main.o
                0x0000000024001328                alarm_led_on
 .bss.alarm_led_off
                0x000000002400132c        0x4 ./Core/Src/main.o
                0x000000002400132c                alarm_led_off
 .bss.PLC_polka
                0x0000000024001330        0x4 ./Core/Src/main.o
                0x0000000024001330                PLC_polka
 .bss.MACAddr.0
                0x0000000024001334        0x6 ./Core/Src/main.o
 *fill*         0x000000002400133a        0x2 
 .bss.uwTick    0x000000002400133c        0x4 ./Drivers/STM32H7xx_HAL_Driver/stm32h7xx_hal.o
                0x000000002400133c                uwTick
 *(COMMON)
                0x0000000024001340                . = ALIGN (0x4)
                0x0000000024001340                _ebss = .
                0x0000000024001340                __bss_end__ = _ebss

._user_heap_stack
                0x0000000024001340      0x600 load address 0x000000000800f784
                0x0000000024001340                . = ALIGN (0x8)
                [!provide]                        PROVIDE (end = .)
                0x0000000024001340                PROVIDE (_end = .)
                0x0000000024001540                . = (. + _Min_Heap_Size)
 *fill*         0x0000000024001340      0x200 
                0x0000000024001940                . = (. + _Min_Stack_Size)
 *fill*         0x0000000024001540      0x400 
                0x0000000024001940                . = ALIGN (0x8)

/DISCARD/
 libc.a(*)
 libm.a(*)
 libgcc.a(*)

.ARM.attributes
                0x0000000000000000       0x2e
 *(.ARM.attributes)
 .ARM.attributes
                0x0000000000000000       0x1e C:/ST/STM32CubeIDE_1.13.2/STM32CubeIDE/plugins/com.st.stm32cube.ide.mcu.externaltools.gnu-tools-for-stm32.11.3.rel1.win32_1.1.1.202309131626/tools/bin/../lib/gcc/arm-none-eabi/11.3.1/thumb/v7e-m+dp/hard/crti.o
 .ARM.attributes
                0x000000000000001e       0x32 C:/ST/STM32CubeIDE_1.13.2/STM32CubeIDE/plugins/com.st.stm32cube.ide.mcu.externaltools.gnu-tools-for-stm32.11.3.rel1.win32_1.1.1.202309131626/tools/bin/../lib/gcc/arm-none-eabi/11.3.1/thumb/v7e-m+dp/hard/crtbegin.o
 .ARM.attributes
                0x0000000000000050       0x32 ./Common/Src/system_stm32h7xx_dualcore_boot_cm4_cm7.o
 .ARM.attributes
                0x0000000000000082       0x32 ./Core/Src/main.o
 .ARM.attributes
                0x00000000000000b4       0x32 ./Core/Src/stm32h7xx_hal_msp.o
 .ARM.attributes
                0x00000000000000e6       0x32 ./Core/Src/stm32h7xx_it.o
 .ARM.attributes
                0x0000000000000118       0x21 ./Core/Startup/startup_stm32h755zitx.o
 .ARM.attributes
                0x0000000000000139       0x32 ./Drivers/STM32H7xx_HAL_Driver/stm32h7xx_hal.o
 .ARM.attributes
                0x000000000000016b       0x32 ./Drivers/STM32H7xx_HAL_Driver/stm32h7xx_hal_adc.o
 .ARM.attributes
                0x000000000000019d       0x32 ./Drivers/STM32H7xx_HAL_Driver/stm32h7xx_hal_adc_ex.o
 .ARM.attributes
                0x00000000000001cf       0x32 ./Drivers/STM32H7xx_HAL_Driver/stm32h7xx_hal_cortex.o
 .ARM.attributes
                0x0000000000000201       0x32 ./Drivers/STM32H7xx_HAL_Driver/stm32h7xx_hal_dma.o
 .ARM.attributes
                0x0000000000000233       0x32 ./Drivers/STM32H7xx_HAL_Driver/stm32h7xx_hal_eth.o
 .ARM.attributes
                0x0000000000000265       0x32 ./Drivers/STM32H7xx_HAL_Driver/stm32h7xx_hal_gpio.o
 .ARM.attributes
                0x0000000000000297       0x32 ./Drivers/STM32H7xx_HAL_Driver/stm32h7xx_hal_hsem.o
 .ARM.attributes
                0x00000000000002c9       0x32 ./Drivers/STM32H7xx_HAL_Driver/stm32h7xx_hal_pcd.o
 .ARM.attributes
                0x00000000000002fb       0x32 ./Drivers/STM32H7xx_HAL_Driver/stm32h7xx_hal_pcd_ex.o
 .ARM.attributes
                0x000000000000032d       0x32 ./Drivers/STM32H7xx_HAL_Driver/stm32h7xx_hal_pwr_ex.o
 .ARM.attributes
                0x000000000000035f       0x32 ./Drivers/STM32H7xx_HAL_Driver/stm32h7xx_hal_rcc.o
 .ARM.attributes
                0x0000000000000391       0x32 ./Drivers/STM32H7xx_HAL_Driver/stm32h7xx_hal_rcc_ex.o
 .ARM.attributes
                0x00000000000003c3       0x32 ./Drivers/STM32H7xx_HAL_Driver/stm32h7xx_hal_tim.o
 .ARM.attributes
                0x00000000000003f5       0x32 ./Drivers/STM32H7xx_HAL_Driver/stm32h7xx_hal_tim_ex.o
 .ARM.attributes
                0x0000000000000427       0x32 ./Drivers/STM32H7xx_HAL_Driver/stm32h7xx_hal_uart.o
 .ARM.attributes
                0x0000000000000459       0x32 ./Drivers/STM32H7xx_HAL_Driver/stm32h7xx_hal_uart_ex.o
 .ARM.attributes
                0x000000000000048b       0x32 ./Drivers/STM32H7xx_HAL_Driver/stm32h7xx_ll_usb.o
 .ARM.attributes
                0x00000000000004bd       0x32 C:/ST/STM32CubeIDE_1.13.2/STM32CubeIDE/plugins/com.st.stm32cube.ide.mcu.externaltools.gnu-tools-for-stm32.11.3.rel1.win32_1.1.1.202309131626/tools/bin/../lib/gcc/arm-none-eabi/11.3.1/../../../../arm-none-eabi/lib/thumb/v7e-m+dp/hard\libc_nano.a(libc_a-memset.o)
 .ARM.attributes
                0x00000000000004ef       0x32 C:/ST/STM32CubeIDE_1.13.2/STM32CubeIDE/plugins/com.st.stm32cube.ide.mcu.externaltools.gnu-tools-for-stm32.11.3.rel1.win32_1.1.1.202309131626/tools/bin/../lib/gcc/arm-none-eabi/11.3.1/../../../../arm-none-eabi/lib/thumb/v7e-m+dp/hard\libc_nano.a(libc_a-init.o)
 .ARM.attributes
                0x0000000000000521       0x32 C:/ST/STM32CubeIDE_1.13.2/STM32CubeIDE/plugins/com.st.stm32cube.ide.mcu.externaltools.gnu-tools-for-stm32.11.3.rel1.win32_1.1.1.202309131626/tools/bin/../lib/gcc/arm-none-eabi/11.3.1/../../../../arm-none-eabi/lib/thumb/v7e-m+dp/hard\libm.a(libm_a-s_round.o)
 .ARM.attributes
                0x0000000000000553       0x1e C:/ST/STM32CubeIDE_1.13.2/STM32CubeIDE/plugins/com.st.stm32cube.ide.mcu.externaltools.gnu-tools-for-stm32.11.3.rel1.win32_1.1.1.202309131626/tools/bin/../lib/gcc/arm-none-eabi/11.3.1/thumb/v7e-m+dp/hard\libgcc.a(_aeabi_uldivmod.o)
 .ARM.attributes
                0x0000000000000571       0x32 C:/ST/STM32CubeIDE_1.13.2/STM32CubeIDE/plugins/com.st.stm32cube.ide.mcu.externaltools.gnu-tools-for-stm32.11.3.rel1.win32_1.1.1.202309131626/tools/bin/../lib/gcc/arm-none-eabi/11.3.1/thumb/v7e-m+dp/hard\libgcc.a(_udivmoddi4.o)
 .ARM.attributes
                0x00000000000005a3       0x1e C:/ST/STM32CubeIDE_1.13.2/STM32CubeIDE/plugins/com.st.stm32cube.ide.mcu.externaltools.gnu-tools-for-stm32.11.3.rel1.win32_1.1.1.202309131626/tools/bin/../lib/gcc/arm-none-eabi/11.3.1/thumb/v7e-m+dp/hard\libgcc.a(_dvmd_tls.o)
 .ARM.attributes
                0x00000000000005c1       0x1e C:/ST/STM32CubeIDE_1.13.2/STM32CubeIDE/plugins/com.st.stm32cube.ide.mcu.externaltools.gnu-tools-for-stm32.11.3.rel1.win32_1.1.1.202309131626/tools/bin/../lib/gcc/arm-none-eabi/11.3.1/thumb/v7e-m+dp/hard/crtn.o
OUTPUT(InzynierkaV2-projekt_CM7.elf elf32-littlearm)
LOAD linker stubs
LOAD C:/ST/STM32CubeIDE_1.13.2/STM32CubeIDE/plugins/com.st.stm32cube.ide.mcu.externaltools.gnu-tools-for-stm32.11.3.rel1.win32_1.1.1.202309131626/tools/bin/../lib/gcc/arm-none-eabi/11.3.1/../../../../arm-none-eabi/lib/thumb/v7e-m+dp/hard\libc.a
LOAD C:/ST/STM32CubeIDE_1.13.2/STM32CubeIDE/plugins/com.st.stm32cube.ide.mcu.externaltools.gnu-tools-for-stm32.11.3.rel1.win32_1.1.1.202309131626/tools/bin/../lib/gcc/arm-none-eabi/11.3.1/../../../../arm-none-eabi/lib/thumb/v7e-m+dp/hard\libm.a
LOAD C:/ST/STM32CubeIDE_1.13.2/STM32CubeIDE/plugins/com.st.stm32cube.ide.mcu.externaltools.gnu-tools-for-stm32.11.3.rel1.win32_1.1.1.202309131626/tools/bin/../lib/gcc/arm-none-eabi/11.3.1/thumb/v7e-m+dp/hard\libgcc.a

.comment        0x0000000000000000       0x43
 .comment       0x0000000000000000       0x43 C:/ST/STM32CubeIDE_1.13.2/STM32CubeIDE/plugins/com.st.stm32cube.ide.mcu.externaltools.gnu-tools-for-stm32.11.3.rel1.win32_1.1.1.202309131626/tools/bin/../lib/gcc/arm-none-eabi/11.3.1/thumb/v7e-m+dp/hard/crtbegin.o
                                         0x44 (size before relaxing)
 .comment       0x0000000000000043       0x44 ./Common/Src/system_stm32h7xx_dualcore_boot_cm4_cm7.o
 .comment       0x0000000000000043       0x44 ./Core/Src/main.o
 .comment       0x0000000000000043       0x44 ./Core/Src/stm32h7xx_hal_msp.o
 .comment       0x0000000000000043       0x44 ./Core/Src/stm32h7xx_it.o
 .comment       0x0000000000000043       0x44 ./Drivers/STM32H7xx_HAL_Driver/stm32h7xx_hal.o
 .comment       0x0000000000000043       0x44 ./Drivers/STM32H7xx_HAL_Driver/stm32h7xx_hal_adc.o
 .comment       0x0000000000000043       0x44 ./Drivers/STM32H7xx_HAL_Driver/stm32h7xx_hal_adc_ex.o
 .comment       0x0000000000000043       0x44 ./Drivers/STM32H7xx_HAL_Driver/stm32h7xx_hal_cortex.o
 .comment       0x0000000000000043       0x44 ./Drivers/STM32H7xx_HAL_Driver/stm32h7xx_hal_dma.o
 .comment       0x0000000000000043       0x44 ./Drivers/STM32H7xx_HAL_Driver/stm32h7xx_hal_eth.o
 .comment       0x0000000000000043       0x44 ./Drivers/STM32H7xx_HAL_Driver/stm32h7xx_hal_gpio.o
 .comment       0x0000000000000043       0x44 ./Drivers/STM32H7xx_HAL_Driver/stm32h7xx_hal_hsem.o
 .comment       0x0000000000000043       0x44 ./Drivers/STM32H7xx_HAL_Driver/stm32h7xx_hal_pcd.o
 .comment       0x0000000000000043       0x44 ./Drivers/STM32H7xx_HAL_Driver/stm32h7xx_hal_pcd_ex.o
 .comment       0x0000000000000043       0x44 ./Drivers/STM32H7xx_HAL_Driver/stm32h7xx_hal_pwr_ex.o
 .comment       0x0000000000000043       0x44 ./Drivers/STM32H7xx_HAL_Driver/stm32h7xx_hal_rcc.o
 .comment       0x0000000000000043       0x44 ./Drivers/STM32H7xx_HAL_Driver/stm32h7xx_hal_rcc_ex.o
 .comment       0x0000000000000043       0x44 ./Drivers/STM32H7xx_HAL_Driver/stm32h7xx_hal_tim.o
 .comment       0x0000000000000043       0x44 ./Drivers/STM32H7xx_HAL_Driver/stm32h7xx_hal_tim_ex.o
 .comment       0x0000000000000043       0x44 ./Drivers/STM32H7xx_HAL_Driver/stm32h7xx_hal_uart.o
 .comment       0x0000000000000043       0x44 ./Drivers/STM32H7xx_HAL_Driver/stm32h7xx_hal_uart_ex.o
 .comment       0x0000000000000043       0x44 ./Drivers/STM32H7xx_HAL_Driver/stm32h7xx_ll_usb.o

.debug_info     0x0000000000000000    0x25097
 .debug_info    0x0000000000000000      0xdb0 ./Common/Src/system_stm32h7xx_dualcore_boot_cm4_cm7.o
 .debug_info    0x0000000000000db0     0x4441 ./Core/Src/main.o
 .debug_info    0x00000000000051f1     0x349f ./Core/Src/stm32h7xx_hal_msp.o
 .debug_info    0x0000000000008690     0x1143 ./Core/Src/stm32h7xx_it.o
 .debug_info    0x00000000000097d3       0x23 ./Core/Startup/startup_stm32h755zitx.o
 .debug_info    0x00000000000097f6     0x177a ./Drivers/STM32H7xx_HAL_Driver/stm32h7xx_hal.o
 .debug_info    0x000000000000af70     0x1ef5 ./Drivers/STM32H7xx_HAL_Driver/stm32h7xx_hal_adc.o
 .debug_info    0x000000000000ce65     0x2010 ./Drivers/STM32H7xx_HAL_Driver/stm32h7xx_hal_adc_ex.o
 .debug_info    0x000000000000ee75     0x10d0 ./Drivers/STM32H7xx_HAL_Driver/stm32h7xx_hal_cortex.o
 .debug_info    0x000000000000ff45      0xc39 ./Drivers/STM32H7xx_HAL_Driver/stm32h7xx_hal_dma.o
 .debug_info    0x0000000000010b7e     0x2a4b ./Drivers/STM32H7xx_HAL_Driver/stm32h7xx_hal_eth.o
 .debug_info    0x00000000000135c9      0xcf7 ./Drivers/STM32H7xx_HAL_Driver/stm32h7xx_hal_gpio.o
 .debug_info    0x00000000000142c0      0x3d3 ./Drivers/STM32H7xx_HAL_Driver/stm32h7xx_hal_hsem.o
 .debug_info    0x0000000000014693     0x1561 ./Drivers/STM32H7xx_HAL_Driver/stm32h7xx_hal_pcd.o
 .debug_info    0x0000000000015bf4      0x8b3 ./Drivers/STM32H7xx_HAL_Driver/stm32h7xx_hal_pcd_ex.o
 .debug_info    0x00000000000164a7     0x121b ./Drivers/STM32H7xx_HAL_Driver/stm32h7xx_hal_pwr_ex.o
 .debug_info    0x00000000000176c2      0xe58 ./Drivers/STM32H7xx_HAL_Driver/stm32h7xx_hal_rcc.o
 .debug_info    0x000000000001851a     0x12f4 ./Drivers/STM32H7xx_HAL_Driver/stm32h7xx_hal_rcc_ex.o
 .debug_info    0x000000000001980e     0x2bae ./Drivers/STM32H7xx_HAL_Driver/stm32h7xx_hal_tim.o
 .debug_info    0x000000000001c3bc     0x17eb ./Drivers/STM32H7xx_HAL_Driver/stm32h7xx_hal_tim_ex.o
 .debug_info    0x000000000001dba7     0x4b13 ./Drivers/STM32H7xx_HAL_Driver/stm32h7xx_hal_uart.o
 .debug_info    0x00000000000226ba      0xfbf ./Drivers/STM32H7xx_HAL_Driver/stm32h7xx_hal_uart_ex.o
 .debug_info    0x0000000000023679     0x1a1e ./Drivers/STM32H7xx_HAL_Driver/stm32h7xx_ll_usb.o

.debug_abbrev   0x0000000000000000     0x39a2
 .debug_abbrev  0x0000000000000000      0x14c ./Common/Src/system_stm32h7xx_dualcore_boot_cm4_cm7.o
 .debug_abbrev  0x000000000000014c      0x3fa ./Core/Src/main.o
 .debug_abbrev  0x0000000000000546      0x2ad ./Core/Src/stm32h7xx_hal_msp.o
 .debug_abbrev  0x00000000000007f3      0x1b4 ./Core/Src/stm32h7xx_it.o
 .debug_abbrev  0x00000000000009a7       0x12 ./Core/Startup/startup_stm32h755zitx.o
 .debug_abbrev  0x00000000000009b9      0x295 ./Drivers/STM32H7xx_HAL_Driver/stm32h7xx_hal.o
 .debug_abbrev  0x0000000000000c4e      0x2c0 ./Drivers/STM32H7xx_HAL_Driver/stm32h7xx_hal_adc.o
 .debug_abbrev  0x0000000000000f0e      0x308 ./Drivers/STM32H7xx_HAL_Driver/stm32h7xx_hal_adc_ex.o
 .debug_abbrev  0x0000000000001216      0x339 ./Drivers/STM32H7xx_HAL_Driver/stm32h7xx_hal_cortex.o
 .debug_abbrev  0x000000000000154f      0x248 ./Drivers/STM32H7xx_HAL_Driver/stm32h7xx_hal_dma.o
 .debug_abbrev  0x0000000000001797      0x347 ./Drivers/STM32H7xx_HAL_Driver/stm32h7xx_hal_eth.o
 .debug_abbrev  0x0000000000001ade      0x1fe ./Drivers/STM32H7xx_HAL_Driver/stm32h7xx_hal_gpio.o
 .debug_abbrev  0x0000000000001cdc      0x1d3 ./Drivers/STM32H7xx_HAL_Driver/stm32h7xx_hal_hsem.o
 .debug_abbrev  0x0000000000001eaf      0x2dc ./Drivers/STM32H7xx_HAL_Driver/stm32h7xx_hal_pcd.o
 .debug_abbrev  0x000000000000218b      0x256 ./Drivers/STM32H7xx_HAL_Driver/stm32h7xx_hal_pcd_ex.o
 .debug_abbrev  0x00000000000023e1      0x2d7 ./Drivers/STM32H7xx_HAL_Driver/stm32h7xx_hal_pwr_ex.o
 .debug_abbrev  0x00000000000026b8      0x2c8 ./Drivers/STM32H7xx_HAL_Driver/stm32h7xx_hal_rcc.o
 .debug_abbrev  0x0000000000002980      0x269 ./Drivers/STM32H7xx_HAL_Driver/stm32h7xx_hal_rcc_ex.o
 .debug_abbrev  0x0000000000002be9      0x276 ./Drivers/STM32H7xx_HAL_Driver/stm32h7xx_hal_tim.o
 .debug_abbrev  0x0000000000002e5f      0x281 ./Drivers/STM32H7xx_HAL_Driver/stm32h7xx_hal_tim_ex.o
 .debug_abbrev  0x00000000000030e0      0x33d ./Drivers/STM32H7xx_HAL_Driver/stm32h7xx_hal_uart.o
 .debug_abbrev  0x000000000000341d      0x2d2 ./Drivers/STM32H7xx_HAL_Driver/stm32h7xx_hal_uart_ex.o
 .debug_abbrev  0x00000000000036ef      0x2b3 ./Drivers/STM32H7xx_HAL_Driver/stm32h7xx_ll_usb.o

.debug_aranges  0x0000000000000000     0x1b50
 .debug_aranges
                0x0000000000000000       0x28 ./Common/Src/system_stm32h7xx_dualcore_boot_cm4_cm7.o
 .debug_aranges
                0x0000000000000028       0xe8 ./Core/Src/main.o
 .debug_aranges
                0x0000000000000110       0x78 ./Core/Src/stm32h7xx_hal_msp.o
 .debug_aranges
                0x0000000000000188       0xa0 ./Core/Src/stm32h7xx_it.o
 .debug_aranges
                0x0000000000000228       0x28 ./Core/Startup/startup_stm32h755zitx.o
 .debug_aranges
                0x0000000000000250      0x200 ./Drivers/STM32H7xx_HAL_Driver/stm32h7xx_hal.o
 .debug_aranges
                0x0000000000000450      0x228 ./Drivers/STM32H7xx_HAL_Driver/stm32h7xx_hal_adc.o
 .debug_aranges
                0x0000000000000678      0x1d8 ./Drivers/STM32H7xx_HAL_Driver/stm32h7xx_hal_adc_ex.o
 .debug_aranges
                0x0000000000000850      0x130 ./Drivers/STM32H7xx_HAL_Driver/stm32h7xx_hal_cortex.o
 .debug_aranges
                0x0000000000000980       0xa0 ./Drivers/STM32H7xx_HAL_Driver/stm32h7xx_hal_dma.o
 .debug_aranges
                0x0000000000000a20      0x1d8 ./Drivers/STM32H7xx_HAL_Driver/stm32h7xx_hal_eth.o
 .debug_aranges
                0x0000000000000bf8       0x58 ./Drivers/STM32H7xx_HAL_Driver/stm32h7xx_hal_gpio.o
 .debug_aranges
                0x0000000000000c50       0x70 ./Drivers/STM32H7xx_HAL_Driver/stm32h7xx_hal_hsem.o
 .debug_aranges
                0x0000000000000cc0      0x140 ./Drivers/STM32H7xx_HAL_Driver/stm32h7xx_hal_pcd.o
 .debug_aranges
                0x0000000000000e00       0x60 ./Drivers/STM32H7xx_HAL_Driver/stm32h7xx_hal_pcd_ex.o
 .debug_aranges
                0x0000000000000e60      0x170 ./Drivers/STM32H7xx_HAL_Driver/stm32h7xx_hal_pwr_ex.o
 .debug_aranges
                0x0000000000000fd0       0x88 ./Drivers/STM32H7xx_HAL_Driver/stm32h7xx_hal_rcc.o
 .debug_aranges
                0x0000000000001058      0x100 ./Drivers/STM32H7xx_HAL_Driver/stm32h7xx_hal_rcc_ex.o
 .debug_aranges
                0x0000000000001158      0x3e0 ./Drivers/STM32H7xx_HAL_Driver/stm32h7xx_hal_tim.o
 .debug_aranges
                0x0000000000001538      0x188 ./Drivers/STM32H7xx_HAL_Driver/stm32h7xx_hal_tim_ex.o
 .debug_aranges
                0x00000000000016c0      0x248 ./Drivers/STM32H7xx_HAL_Driver/stm32h7xx_hal_uart.o
 .debug_aranges
                0x0000000000001908       0xa8 ./Drivers/STM32H7xx_HAL_Driver/stm32h7xx_hal_uart_ex.o
 .debug_aranges
                0x00000000000019b0      0x1a0 ./Drivers/STM32H7xx_HAL_Driver/stm32h7xx_ll_usb.o

.debug_rnglists
                0x0000000000000000     0x156f
 .debug_rnglists
                0x0000000000000000       0x1b ./Common/Src/system_stm32h7xx_dualcore_boot_cm4_cm7.o
 .debug_rnglists
                0x000000000000001b       0xc8 ./Core/Src/main.o
 .debug_rnglists
                0x00000000000000e3       0x5d ./Core/Src/stm32h7xx_hal_msp.o
 .debug_rnglists
                0x0000000000000140       0x73 ./Core/Src/stm32h7xx_it.o
 .debug_rnglists
                0x00000000000001b3       0x19 ./Core/Startup/startup_stm32h755zitx.o
 .debug_rnglists
                0x00000000000001cc      0x180 ./Drivers/STM32H7xx_HAL_Driver/stm32h7xx_hal.o
 .debug_rnglists
                0x000000000000034c      0x1a9 ./Drivers/STM32H7xx_HAL_Driver/stm32h7xx_hal_adc.o
 .debug_rnglists
                0x00000000000004f5      0x16f ./Drivers/STM32H7xx_HAL_Driver/stm32h7xx_hal_adc_ex.o
 .debug_rnglists
                0x0000000000000664       0xe0 ./Drivers/STM32H7xx_HAL_Driver/stm32h7xx_hal_cortex.o
 .debug_rnglists
                0x0000000000000744       0x82 ./Drivers/STM32H7xx_HAL_Driver/stm32h7xx_hal_dma.o
 .debug_rnglists
                0x00000000000007c6      0x176 ./Drivers/STM32H7xx_HAL_Driver/stm32h7xx_hal_eth.o
 .debug_rnglists
                0x000000000000093c       0x3f ./Drivers/STM32H7xx_HAL_Driver/stm32h7xx_hal_gpio.o
 .debug_rnglists
                0x000000000000097b       0x4f ./Drivers/STM32H7xx_HAL_Driver/stm32h7xx_hal_hsem.o
 .debug_rnglists
                0x00000000000009ca       0xf4 ./Drivers/STM32H7xx_HAL_Driver/stm32h7xx_hal_pcd.o
 .debug_rnglists
                0x0000000000000abe       0x45 ./Drivers/STM32H7xx_HAL_Driver/stm32h7xx_hal_pcd_ex.o
 .debug_rnglists
                0x0000000000000b03      0x117 ./Drivers/STM32H7xx_HAL_Driver/stm32h7xx_hal_pwr_ex.o
 .debug_rnglists
                0x0000000000000c1a       0x68 ./Drivers/STM32H7xx_HAL_Driver/stm32h7xx_hal_rcc.o
 .debug_rnglists
                0x0000000000000c82       0xc6 ./Drivers/STM32H7xx_HAL_Driver/stm32h7xx_hal_rcc_ex.o
 .debug_rnglists
                0x0000000000000d48      0x328 ./Drivers/STM32H7xx_HAL_Driver/stm32h7xx_hal_tim.o
 .debug_rnglists
                0x0000000000001070      0x13f ./Drivers/STM32H7xx_HAL_Driver/stm32h7xx_hal_tim_ex.o
 .debug_rnglists
                0x00000000000011af      0x1fa ./Drivers/STM32H7xx_HAL_Driver/stm32h7xx_hal_uart.o
 .debug_rnglists
                0x00000000000013a9       0x7f ./Drivers/STM32H7xx_HAL_Driver/stm32h7xx_hal_uart_ex.o
 .debug_rnglists
                0x0000000000001428      0x147 ./Drivers/STM32H7xx_HAL_Driver/stm32h7xx_ll_usb.o

.debug_macro    0x0000000000000000    0x3ea89
 .debug_macro   0x0000000000000000      0x303 ./Common/Src/system_stm32h7xx_dualcore_boot_cm4_cm7.o
 .debug_macro   0x0000000000000303      0xac6 ./Common/Src/system_stm32h7xx_dualcore_boot_cm4_cm7.o
 .debug_macro   0x0000000000000dc9       0x2e ./Common/Src/system_stm32h7xx_dualcore_boot_cm4_cm7.o
 .debug_macro   0x0000000000000df7       0x49 ./Common/Src/system_stm32h7xx_dualcore_boot_cm4_cm7.o
 .debug_macro   0x0000000000000e40       0x22 ./Common/Src/system_stm32h7xx_dualcore_boot_cm4_cm7.o
 .debug_macro   0x0000000000000e62       0x8e ./Common/Src/system_stm32h7xx_dualcore_boot_cm4_cm7.o
 .debug_macro   0x0000000000000ef0       0x51 ./Common/Src/system_stm32h7xx_dualcore_boot_cm4_cm7.o
 .debug_macro   0x0000000000000f41      0x103 ./Common/Src/system_stm32h7xx_dualcore_boot_cm4_cm7.o
 .debug_macro   0x0000000000001044       0x6a ./Common/Src/system_stm32h7xx_dualcore_boot_cm4_cm7.o
 .debug_macro   0x00000000000010ae      0x1df ./Common/Src/system_stm32h7xx_dualcore_boot_cm4_cm7.o
 .debug_macro   0x000000000000128d       0x1c ./Common/Src/system_stm32h7xx_dualcore_boot_cm4_cm7.o
 .debug_macro   0x00000000000012a9       0x22 ./Common/Src/system_stm32h7xx_dualcore_boot_cm4_cm7.o
 .debug_macro   0x00000000000012cb       0xfb ./Common/Src/system_stm32h7xx_dualcore_boot_cm4_cm7.o
 .debug_macro   0x00000000000013c6     0x1305 ./Common/Src/system_stm32h7xx_dualcore_boot_cm4_cm7.o
 .debug_macro   0x00000000000026cb      0x11f ./Common/Src/system_stm32h7xx_dualcore_boot_cm4_cm7.o
 .debug_macro   0x00000000000027ea       0x27 ./Common/Src/system_stm32h7xx_dualcore_boot_cm4_cm7.o
 .debug_macro   0x0000000000002811    0x273f2 ./Common/Src/system_stm32h7xx_dualcore_boot_cm4_cm7.o
 .debug_macro   0x0000000000029c03       0x6d ./Common/Src/system_stm32h7xx_dualcore_boot_cm4_cm7.o
 .debug_macro   0x0000000000029c70      0x24a ./Common/Src/system_stm32h7xx_dualcore_boot_cm4_cm7.o
 .debug_macro   0x0000000000029eba     0x3d79 ./Common/Src/system_stm32h7xx_dualcore_boot_cm4_cm7.o
 .debug_macro   0x000000000002dc33      0x174 ./Common/Src/system_stm32h7xx_dualcore_boot_cm4_cm7.o
 .debug_macro   0x000000000002dda7       0x61 ./Common/Src/system_stm32h7xx_dualcore_boot_cm4_cm7.o
 .debug_macro   0x000000000002de08       0x29 ./Common/Src/system_stm32h7xx_dualcore_boot_cm4_cm7.o
 .debug_macro   0x000000000002de31       0x43 ./Common/Src/system_stm32h7xx_dualcore_boot_cm4_cm7.o
 .debug_macro   0x000000000002de74       0x34 ./Common/Src/system_stm32h7xx_dualcore_boot_cm4_cm7.o
 .debug_macro   0x000000000002dea8       0x16 ./Common/Src/system_stm32h7xx_dualcore_boot_cm4_cm7.o
 .debug_macro   0x000000000002debe       0x43 ./Common/Src/system_stm32h7xx_dualcore_boot_cm4_cm7.o
 .debug_macro   0x000000000002df01       0x34 ./Common/Src/system_stm32h7xx_dualcore_boot_cm4_cm7.o
 .debug_macro   0x000000000002df35       0x10 ./Common/Src/system_stm32h7xx_dualcore_boot_cm4_cm7.o
 .debug_macro   0x000000000002df45       0x58 ./Common/Src/system_stm32h7xx_dualcore_boot_cm4_cm7.o
 .debug_macro   0x000000000002df9d       0x8e ./Common/Src/system_stm32h7xx_dualcore_boot_cm4_cm7.o
 .debug_macro   0x000000000002e02b       0x1c ./Common/Src/system_stm32h7xx_dualcore_boot_cm4_cm7.o
 .debug_macro   0x000000000002e047      0x177 ./Common/Src/system_stm32h7xx_dualcore_boot_cm4_cm7.o
 .debug_macro   0x000000000002e1be      0x369 ./Common/Src/system_stm32h7xx_dualcore_boot_cm4_cm7.o
 .debug_macro   0x000000000002e527      0x19b ./Common/Src/system_stm32h7xx_dualcore_boot_cm4_cm7.o
 .debug_macro   0x000000000002e6c2       0x5d ./Common/Src/system_stm32h7xx_dualcore_boot_cm4_cm7.o
 .debug_macro   0x000000000002e71f     0x3b99 ./Common/Src/system_stm32h7xx_dualcore_boot_cm4_cm7.o
 .debug_macro   0x00000000000322b8     0x1072 ./Common/Src/system_stm32h7xx_dualcore_boot_cm4_cm7.o
 .debug_macro   0x000000000003332a      0x154 ./Common/Src/system_stm32h7xx_dualcore_boot_cm4_cm7.o
 .debug_macro   0x000000000003347e      0x130 ./Common/Src/system_stm32h7xx_dualcore_boot_cm4_cm7.o
 .debug_macro   0x00000000000335ae      0x3c2 ./Common/Src/system_stm32h7xx_dualcore_boot_cm4_cm7.o
 .debug_macro   0x0000000000033970       0xac ./Common/Src/system_stm32h7xx_dualcore_boot_cm4_cm7.o
 .debug_macro   0x0000000000033a1c      0x72d ./Common/Src/system_stm32h7xx_dualcore_boot_cm4_cm7.o
 .debug_macro   0x0000000000034149      0x228 ./Common/Src/system_stm32h7xx_dualcore_boot_cm4_cm7.o
 .debug_macro   0x0000000000034371       0x66 ./Common/Src/system_stm32h7xx_dualcore_boot_cm4_cm7.o
 .debug_macro   0x00000000000343d7      0x3bb ./Common/Src/system_stm32h7xx_dualcore_boot_cm4_cm7.o
 .debug_macro   0x0000000000034792      0xa95 ./Common/Src/system_stm32h7xx_dualcore_boot_cm4_cm7.o
 .debug_macro   0x0000000000035227      0x129 ./Common/Src/system_stm32h7xx_dualcore_boot_cm4_cm7.o
 .debug_macro   0x0000000000035350      0x407 ./Common/Src/system_stm32h7xx_dualcore_boot_cm4_cm7.o
 .debug_macro   0x0000000000035757      0x27c ./Common/Src/system_stm32h7xx_dualcore_boot_cm4_cm7.o
 .debug_macro   0x00000000000359d3     0x1044 ./Common/Src/system_stm32h7xx_dualcore_boot_cm4_cm7.o
 .debug_macro   0x0000000000036a17      0x6cc ./Common/Src/system_stm32h7xx_dualcore_boot_cm4_cm7.o
 .debug_macro   0x00000000000370e3      0x36e ./Common/Src/system_stm32h7xx_dualcore_boot_cm4_cm7.o
 .debug_macro   0x0000000000037451      0x3ca ./Common/Src/system_stm32h7xx_dualcore_boot_cm4_cm7.o
 .debug_macro   0x000000000003781b      0x4a2 ./Common/Src/system_stm32h7xx_dualcore_boot_cm4_cm7.o
 .debug_macro   0x0000000000037cbd       0x51 ./Common/Src/system_stm32h7xx_dualcore_boot_cm4_cm7.o
 .debug_macro   0x0000000000037d0e       0x4a ./Common/Src/system_stm32h7xx_dualcore_boot_cm4_cm7.o
 .debug_macro   0x0000000000037d58      0x22c ./Common/Src/system_stm32h7xx_dualcore_boot_cm4_cm7.o
 .debug_macro   0x0000000000037f84       0x67 ./Common/Src/system_stm32h7xx_dualcore_boot_cm4_cm7.o
 .debug_macro   0x0000000000037feb       0xa5 ./Common/Src/system_stm32h7xx_dualcore_boot_cm4_cm7.o
 .debug_macro   0x0000000000038090      0x218 ./Common/Src/system_stm32h7xx_dualcore_boot_cm4_cm7.o
 .debug_macro   0x00000000000382a8      0x2ea ./Common/Src/system_stm32h7xx_dualcore_boot_cm4_cm7.o
 .debug_macro   0x0000000000038592       0x35 ./Common/Src/system_stm32h7xx_dualcore_boot_cm4_cm7.o