../Core/Src/main.c:141:7:HAL_ADC_ConvCpltCallback	32	static
../Core/Src/main.c:193:7:ADC_To_Angle	16	static
../Core/Src/main.c:204:7:Servo_SetAngle	24	static
../Core/Src/main.c:225:7:AverageSamplesByTimer	32	static
../Core/Src/main.c:251:6:PLC_check	8	static
../Core/Src/main.c:308:6:ROBOT_ALARM	8	static
../Core/Src/main.c:346:7:HAL_TIM_PeriodElapsedCallback	24	static
../Core/Src/main.c:373:6:Robot_SetPosition	32	static
../Core/Src/main.c:393:6:Robot_MoveToPosition	64	static
../Core/Src/main.c:450:5:main	88	static
../Core/Src/main.c:625:6:SystemClock_Config	120	static
../Core/Src/main.c:685:6:PeriphCommonClock_Config	200	static
../Core/Src/main.c:704:13:MX_ADC3_Init	40	static
../Core/Src/main.c:816:13:MX_ETH_Init	8	static
../Core/Src/main.c:865:13:MX_TIM2_Init	64	static
../Core/Src/main.c:936:13:MX_TIM3_Init	64	static
../Core/Src/main.c:1003:13:MX_TIM4_Init	64	static
../Core/Src/main.c:1074:13:MX_TIM5_Init	64	static
../Core/Src/main.c:1133:13:MX_TIM6_Init	24	static
../Core/Src/main.c:1171:13:MX_TIM7_Init	24	static
../Core/Src/main.c:1209:13:MX_TIM8_Init	40	static
../Core/Src/main.c:1256:13:MX_USART3_UART_Init	8	static
../Core/Src/main.c:1304:13:MX_USB_OTG_FS_PCD_Init	8	static
../Core/Src/main.c:1338:13:MX_DMA_Init	16	static
../Core/Src/main.c:1356:13:MX_GPIO_Init	64	static
../Core/Src/main.c:1420:6:Error_Handler	4	static,ignoring_inline_asm
