../ROBOT/Src/Robotics_Calculations.c:10:6:multiplyMatrix_4x4	40	static
../ROBOT/Src/Robotics_Calculations.c:21:6:SavePath	32	static
../ROBOT/Src/Robotics_Calculations.c:40:6:transposeMatrix_3x3	24	static
../ROBOT/Src/Robotics_Calculations.c:49:6:multiplyMatrixVector_3x1	32	static
../ROBOT/Src/Robotics_Calculations.c:58:6:multiplyMatrixVector_4x1	32	static
../ROBOT/Src/Robotics_Calculations.c:67:6:matrixExtractionT	32	static
../ROBOT/Src/Robotics_Calculations.c:75:6:matrixExtractionT_interp	40	static
../ROBOT/Src/Robotics_Calculations.c:85:6:matrixExtractionR	24	static
../ROBOT/Src/Robotics_Calculations.c:93:6:vectorExtractionT	24	static
../ROBOT/Src/Robotics_Calculations.c:100:6:Calculate_R03_x	40	static
../ROBOT/Src/Robotics_Calculations.c:117:6:PrintPath	24	static
../ROBOT/Src/Robotics_Calculations.c:128:6:multiplyMatrix_3x3	40	static
../ROBOT/Src/Robotics_Calculations.c:140:6:toleranceMatrix	32	static
../ROBOT/Src/Robotics_Calculations.c:156:6:printVector	32	static
../ROBOT/Src/Robotics_Calculations.c:166:6:printMatrixT_4x4	24	static
../ROBOT/Src/Robotics_Calculations.c:177:6:printMatrix_3x3	24	static
../ROBOT/Src/Robotics_Calculations.c:189:6:printMatrixT_4x4x7	32	static
../ROBOT/Src/Robotics_Calculations.c:202:6:printAllMatrixT_4x4x7	32	static
../ROBOT/Src/Robotics_Calculations.c:215:6:printConfigsRad	32	static
../ROBOT/Src/Robotics_Calculations.c:228:6:printConfigsDeg	32	static
../ROBOT/Src/Robotics_Calculations.c:239:6:ToEulers	80	static
../ROBOT/Src/Robotics_Calculations.c:271:6:ForwardKinematics	888	static
../ROBOT/Src/Robotics_Calculations.c:336:6:InverseKinematics	1768	static
../ROBOT/Src/Robotics_Calculations.c:740:6:InverseKinematics_Modified	2216	static
../ROBOT/Src/Robotics_Calculations.c:1149:6:rotationMatrixToQuaternion	32	static
../ROBOT/Src/Robotics_Calculations.c:1161:6:quaternionToRotationMatrix	32	static
../ROBOT/Src/Robotics_Calculations.c:1183:6:slerp	104	static
../ROBOT/Src/Robotics_Calculations.c:1232:6:interpolatePoint	384	static
../ROBOT/Src/Robotics_Calculations.c:1292:6:SLERP_interpolation	952	static
